Release 14.7 - CPLD Optimizer/Partitioner P.20131013 (lin64)
Copyright (c) 1995-2013 Xilinx, Inc.  All rights reserved.
WARNING:Cpld - Unable to retrieve the path to the iSE Project Repository. Will
   use the default filename of 'amplcpld.ise'.
CS: block property: block_name=/amplcpld/EXPANDED_FlattenFull/amplcpld/XST_GND prop_name=TYPE prop_terse=XDM_PROPERTY_STRING "TYPE" "GND"

CS: block property: block_name=/amplcpld/EXPANDED_FlattenFull/amplcpld prop_name=TYPE prop_terse=XDM_PROPERTY_STRING "TYPE" "amplcpld"

CS: block property: block_name=/amplcpld/EXPANDED_FlattenFull/amplcpld/str_div\/Q prop_name=TYPE prop_terse=XDM_PROPERTY_STRING "TYPE" "FDCE"

CS: block property: block_name=/amplcpld/EXPANDED_FlattenFull/amplcpld prop_name=TYPE prop_terse=XDM_PROPERTY_STRING "TYPE" "amplcpld"

CS: block property: block_name=/amplcpld/EXPANDED_FlattenFull/amplcpld/str_div\/X_ZERO prop_name=TYPE prop_terse=XDM_PROPERTY_STRING "TYPE" "FDCE"

CS: block property: block_name=/amplcpld/EXPANDED_FlattenFull/amplcpld prop_name=TYPE prop_terse=XDM_PROPERTY_STRING "TYPE" "amplcpld"

CS: block property: block_name=/amplcpld/EXPANDED_FlattenFull/amplcpld/evnt_i_2\/Q\/FDCP prop_name=TYPE prop_terse=XDM_PROPERTY_STRING "TYPE" "FDCP"

CS: block property: block_name=/amplcpld/EXPANDED_FlattenFull/amplcpld prop_name=TYPE prop_terse=XDM_PROPERTY_STRING "TYPE" "amplcpld"

CS: block property: block_name=/amplcpld/EXPANDED_FlattenFull/amplcpld/evnt_i_2\/Q\/X_ONE prop_name=TYPE prop_terse=XDM_PROPERTY_STRING "TYPE" "FDCP"

CS: block property: block_name=/amplcpld/EXPANDED_FlattenFull/amplcpld prop_name=TYPE prop_terse=XDM_PROPERTY_STRING "TYPE" "amplcpld"

CS: block property: block_name=/amplcpld/EXPANDED_FlattenFull/amplcpld/evnt_i_2\/$1I43 prop_name=TYPE prop_terse=XDM_PROPERTY_STRING "TYPE" "GND"

CS: block property: block_name=/amplcpld/EXPANDED_FlattenFull/amplcpld prop_name=TYPE prop_terse=XDM_PROPERTY_STRING "TYPE" "amplcpld"

CS: block property: block_name=/amplcpld/EXPANDED_FlattenFull/amplcpld/evnt_i_1\/Q\/FDCP prop_name=TYPE prop_terse=XDM_PROPERTY_STRING "TYPE" "FDCP"

CS: block property: block_name=/amplcpld/EXPANDED_FlattenFull/amplcpld prop_name=TYPE prop_terse=XDM_PROPERTY_STRING "TYPE" "amplcpld"

CS: block property: block_name=/amplcpld/EXPANDED_FlattenFull/amplcpld/evnt_i_1\/Q\/X_ONE prop_name=TYPE prop_terse=XDM_PROPERTY_STRING "TYPE" "FDCP"

CS: block property: block_name=/amplcpld/EXPANDED_FlattenFull/amplcpld prop_name=TYPE prop_terse=XDM_PROPERTY_STRING "TYPE" "amplcpld"

CS: block property: block_name=/amplcpld/EXPANDED_FlattenFull/amplcpld/evnt_i_1\/$1I43 prop_name=TYPE prop_terse=XDM_PROPERTY_STRING "TYPE" "GND"

CS: block property: block_name=/amplcpld/EXPANDED_FlattenFull/amplcpld prop_name=TYPE prop_terse=XDM_PROPERTY_STRING "TYPE" "amplcpld"

CS: block property: block_name=/amplcpld/EXPANDED_FlattenFull/amplcpld/evnt_i_0\/Q\/FDCP prop_name=TYPE prop_terse=XDM_PROPERTY_STRING "TYPE" "FDCP"

CS: block property: block_name=/amplcpld/EXPANDED_FlattenFull/amplcpld prop_name=TYPE prop_terse=XDM_PROPERTY_STRING "TYPE" "amplcpld"

CS: block property: block_name=/amplcpld/EXPANDED_FlattenFull/amplcpld/evnt_i_0\/Q\/X_ONE prop_name=TYPE prop_terse=XDM_PROPERTY_STRING "TYPE" "FDCP"

CS: block property: block_name=/amplcpld/EXPANDED_FlattenFull/amplcpld prop_name=TYPE prop_terse=XDM_PROPERTY_STRING "TYPE" "amplcpld"

CS: block property: block_name=/amplcpld/EXPANDED_FlattenFull/amplcpld/evnt_i_0\/$1I43 prop_name=TYPE prop_terse=XDM_PROPERTY_STRING "TYPE" "GND"

CS: block property: block_name=/amplcpld/EXPANDED_FlattenFull/amplcpld prop_name=TYPE prop_terse=XDM_PROPERTY_STRING "TYPE" "amplcpld"

CS: block property: block_name=/amplcpld/EXPANDED_FlattenFull/amplcpld/dly_7\/Q\/FDCP prop_name=TYPE prop_terse=XDM_PROPERTY_STRING "TYPE" "FDCP"

CS: block property: block_name=/amplcpld/EXPANDED_FlattenFull/amplcpld prop_name=TYPE prop_terse=XDM_PROPERTY_STRING "TYPE" "amplcpld"

CS: block property: block_name=/amplcpld/EXPANDED_FlattenFull/amplcpld/dly_7\/Q\/X_ONE prop_name=TYPE prop_terse=XDM_PROPERTY_STRING "TYPE" "FDCP"

CS: block property: block_name=/amplcpld/EXPANDED_FlattenFull/amplcpld prop_name=TYPE prop_terse=XDM_PROPERTY_STRING "TYPE" "amplcpld"

CS: block property: block_name=/amplcpld/EXPANDED_FlattenFull/amplcpld/dly_7\/$1I43 prop_name=TYPE prop_terse=XDM_PROPERTY_STRING "TYPE" "GND"

CS: block property: block_name=/amplcpld/EXPANDED_FlattenFull/amplcpld prop_name=TYPE prop_terse=XDM_PROPERTY_STRING "TYPE" "amplcpld"

CS: block property: block_name=/amplcpld/EXPANDED_FlattenFull/amplcpld/dly_6\/Q\/FDCP prop_name=TYPE prop_terse=XDM_PROPERTY_STRING "TYPE" "FDCP"

CS: block property: block_name=/amplcpld/EXPANDED_FlattenFull/amplcpld prop_name=TYPE prop_terse=XDM_PROPERTY_STRING "TYPE" "amplcpld"

CS: block property: block_name=/amplcpld/EXPANDED_FlattenFull/amplcpld/dly_6\/Q\/X_ONE prop_name=TYPE prop_terse=XDM_PROPERTY_STRING "TYPE" "FDCP"

CS: block property: block_name=/amplcpld/EXPANDED_FlattenFull/amplcpld prop_name=TYPE prop_terse=XDM_PROPERTY_STRING "TYPE" "amplcpld"

CS: block property: block_name=/amplcpld/EXPANDED_FlattenFull/amplcpld/dly_6\/$1I43 prop_name=TYPE prop_terse=XDM_PROPERTY_STRING "TYPE" "GND"

CS: block property: block_name=/amplcpld/EXPANDED_FlattenFull/amplcpld prop_name=TYPE prop_terse=XDM_PROPERTY_STRING "TYPE" "amplcpld"

CS: block property: block_name=/amplcpld/EXPANDED_FlattenFull/amplcpld/dly_5\/Q\/FDCP prop_name=TYPE prop_terse=XDM_PROPERTY_STRING "TYPE" "FDCP"

CS: block property: block_name=/amplcpld/EXPANDED_FlattenFull/amplcpld prop_name=TYPE prop_terse=XDM_PROPERTY_STRING "TYPE" "amplcpld"

CS: block property: block_name=/amplcpld/EXPANDED_FlattenFull/amplcpld/dly_5\/Q\/X_ONE prop_name=TYPE prop_terse=XDM_PROPERTY_STRING "TYPE" "FDCP"

CS: block property: block_name=/amplcpld/EXPANDED_FlattenFull/amplcpld prop_name=TYPE prop_terse=XDM_PROPERTY_STRING "TYPE" "amplcpld"

CS: block property: block_name=/amplcpld/EXPANDED_FlattenFull/amplcpld/dly_5\/$1I43 prop_name=TYPE prop_terse=XDM_PROPERTY_STRING "TYPE" "GND"

CS: block property: block_name=/amplcpld/EXPANDED_FlattenFull/amplcpld prop_name=TYPE prop_terse=XDM_PROPERTY_STRING "TYPE" "amplcpld"

CS: block property: block_name=/amplcpld/EXPANDED_FlattenFull/amplcpld/dly_4\/Q\/FDCP prop_name=TYPE prop_terse=XDM_PROPERTY_STRING "TYPE" "FDCP"

CS: block property: block_name=/amplcpld/EXPANDED_FlattenFull/amplcpld prop_name=TYPE prop_terse=XDM_PROPERTY_STRING "TYPE" "amplcpld"

CS: block property: block_name=/amplcpld/EXPANDED_FlattenFull/amplcpld/dly_4\/Q\/X_ONE prop_name=TYPE prop_terse=XDM_PROPERTY_STRING "TYPE" "FDCP"

CS: block property: block_name=/amplcpld/EXPANDED_FlattenFull/amplcpld prop_name=TYPE prop_terse=XDM_PROPERTY_STRING "TYPE" "amplcpld"

CS: block property: block_name=/amplcpld/EXPANDED_FlattenFull/amplcpld/dly_4\/$1I43 prop_name=TYPE prop_terse=XDM_PROPERTY_STRING "TYPE" "GND"

CS: block property: block_name=/amplcpld/EXPANDED_FlattenFull/amplcpld prop_name=TYPE prop_terse=XDM_PROPERTY_STRING "TYPE" "amplcpld"

CS: block property: block_name=/amplcpld/EXPANDED_FlattenFull/amplcpld/str2\/Q\/FDCP prop_name=TYPE prop_terse=XDM_PROPERTY_STRING "TYPE" "FDCP"

CS: block property: block_name=/amplcpld/EXPANDED_FlattenFull/amplcpld prop_name=TYPE prop_terse=XDM_PROPERTY_STRING "TYPE" "amplcpld"

CS: block property: block_name=/amplcpld/EXPANDED_FlattenFull/amplcpld/str2\/Q\/X_ONE prop_name=TYPE prop_terse=XDM_PROPERTY_STRING "TYPE" "FDCP"

CS: block property: block_name=/amplcpld/EXPANDED_FlattenFull/amplcpld prop_name=TYPE prop_terse=XDM_PROPERTY_STRING "TYPE" "amplcpld"

CS: block property: block_name=/amplcpld/EXPANDED_FlattenFull/amplcpld/str2\/$1I43 prop_name=TYPE prop_terse=XDM_PROPERTY_STRING "TYPE" "GND"

CS: block property: block_name=/amplcpld/EXPANDED_FlattenFull/amplcpld prop_name=TYPE prop_terse=XDM_PROPERTY_STRING "TYPE" "amplcpld"

CS: block property: block_name=/amplcpld/EXPANDED_FlattenFull/amplcpld/dly_3\/Q\/FDCP prop_name=TYPE prop_terse=XDM_PROPERTY_STRING "TYPE" "FDCP"

CS: block property: block_name=/amplcpld/EXPANDED_FlattenFull/amplcpld prop_name=TYPE prop_terse=XDM_PROPERTY_STRING "TYPE" "amplcpld"

CS: block property: block_name=/amplcpld/EXPANDED_FlattenFull/amplcpld/dly_3\/Q\/X_ONE prop_name=TYPE prop_terse=XDM_PROPERTY_STRING "TYPE" "FDCP"

CS: block property: block_name=/amplcpld/EXPANDED_FlattenFull/amplcpld prop_name=TYPE prop_terse=XDM_PROPERTY_STRING "TYPE" "amplcpld"

CS: block property: block_name=/amplcpld/EXPANDED_FlattenFull/amplcpld/dly_3\/$1I43 prop_name=TYPE prop_terse=XDM_PROPERTY_STRING "TYPE" "GND"

CS: block property: block_name=/amplcpld/EXPANDED_FlattenFull/amplcpld prop_name=TYPE prop_terse=XDM_PROPERTY_STRING "TYPE" "amplcpld"

CS: block property: block_name=/amplcpld/EXPANDED_FlattenFull/amplcpld/dly_2\/Q\/FDCP prop_name=TYPE prop_terse=XDM_PROPERTY_STRING "TYPE" "FDCP"

CS: block property: block_name=/amplcpld/EXPANDED_FlattenFull/amplcpld prop_name=TYPE prop_terse=XDM_PROPERTY_STRING "TYPE" "amplcpld"

CS: block property: block_name=/amplcpld/EXPANDED_FlattenFull/amplcpld/dly_2\/Q\/X_ONE prop_name=TYPE prop_terse=XDM_PROPERTY_STRING "TYPE" "FDCP"

CS: block property: block_name=/amplcpld/EXPANDED_FlattenFull/amplcpld prop_name=TYPE prop_terse=XDM_PROPERTY_STRING "TYPE" "amplcpld"

CS: block property: block_name=/amplcpld/EXPANDED_FlattenFull/amplcpld/dly_2\/$1I43 prop_name=TYPE prop_terse=XDM_PROPERTY_STRING "TYPE" "GND"

CS: block property: block_name=/amplcpld/EXPANDED_FlattenFull/amplcpld prop_name=TYPE prop_terse=XDM_PROPERTY_STRING "TYPE" "amplcpld"

CS: block property: block_name=/amplcpld/EXPANDED_FlattenFull/amplcpld/dly_1\/Q\/FDCP prop_name=TYPE prop_terse=XDM_PROPERTY_STRING "TYPE" "FDCP"

CS: block property: block_name=/amplcpld/EXPANDED_FlattenFull/amplcpld prop_name=TYPE prop_terse=XDM_PROPERTY_STRING "TYPE" "amplcpld"

CS: block property: block_name=/amplcpld/EXPANDED_FlattenFull/amplcpld/dly_1\/Q\/X_ONE prop_name=TYPE prop_terse=XDM_PROPERTY_STRING "TYPE" "FDCP"

CS: block property: block_name=/amplcpld/EXPANDED_FlattenFull/amplcpld prop_name=TYPE prop_terse=XDM_PROPERTY_STRING "TYPE" "amplcpld"

CS: block property: block_name=/amplcpld/EXPANDED_FlattenFull/amplcpld/dly_1\/$1I43 prop_name=TYPE prop_terse=XDM_PROPERTY_STRING "TYPE" "GND"

CS: block property: block_name=/amplcpld/EXPANDED_FlattenFull/amplcpld prop_name=TYPE prop_terse=XDM_PROPERTY_STRING "TYPE" "amplcpld"

CS: block property: block_name=/amplcpld/EXPANDED_FlattenFull/amplcpld/dly_0\/Q\/FDCP prop_name=TYPE prop_terse=XDM_PROPERTY_STRING "TYPE" "FDCP"

CS: block property: block_name=/amplcpld/EXPANDED_FlattenFull/amplcpld prop_name=TYPE prop_terse=XDM_PROPERTY_STRING "TYPE" "amplcpld"

CS: block property: block_name=/amplcpld/EXPANDED_FlattenFull/amplcpld/dly_0\/Q\/X_ONE prop_name=TYPE prop_terse=XDM_PROPERTY_STRING "TYPE" "FDCP"

CS: block property: block_name=/amplcpld/EXPANDED_FlattenFull/amplcpld prop_name=TYPE prop_terse=XDM_PROPERTY_STRING "TYPE" "amplcpld"

CS: block property: block_name=/amplcpld/EXPANDED_FlattenFull/amplcpld/dly_0\/$1I43 prop_name=TYPE prop_terse=XDM_PROPERTY_STRING "TYPE" "GND"

CS: block property: block_name=/amplcpld/EXPANDED_FlattenFull/amplcpld prop_name=TYPE prop_terse=XDM_PROPERTY_STRING "TYPE" "amplcpld"

CS: block property: block_name=/amplcpld/EXPANDED_FlattenFull/amplcpld/str1\/Q prop_name=TYPE prop_terse=XDM_PROPERTY_STRING "TYPE" "FDCE"

CS: block property: block_name=/amplcpld/EXPANDED_FlattenFull/amplcpld prop_name=TYPE prop_terse=XDM_PROPERTY_STRING "TYPE" "amplcpld"

CS: block property: block_name=/amplcpld/EXPANDED_FlattenFull/amplcpld/str1\/X_ZERO prop_name=TYPE prop_terse=XDM_PROPERTY_STRING "TYPE" "FDCE"

CS: block property: block_name=/amplcpld/EXPANDED_FlattenFull/amplcpld prop_name=TYPE prop_terse=XDM_PROPERTY_STRING "TYPE" "amplcpld"

CS: block property: block_name=/amplcpld/EXPANDED_FlattenFull/amplcpld/cal_str\/Q prop_name=TYPE prop_terse=XDM_PROPERTY_STRING "TYPE" "FDCE"

CS: block property: block_name=/amplcpld/EXPANDED_FlattenFull/amplcpld prop_name=TYPE prop_terse=XDM_PROPERTY_STRING "TYPE" "amplcpld"

CS: block property: block_name=/amplcpld/EXPANDED_FlattenFull/amplcpld/cal_str\/X_ZERO prop_name=TYPE prop_terse=XDM_PROPERTY_STRING "TYPE" "FDCE"

CS: block property: block_name=/amplcpld/EXPANDED_FlattenFull/amplcpld prop_name=TYPE prop_terse=XDM_PROPERTY_STRING "TYPE" "amplcpld"

CS: block property: block_name=/amplcpld/EXPANDED_FlattenFull/amplcpld/c_count_6\/Q prop_name=TYPE prop_terse=XDM_PROPERTY_STRING "TYPE" "FDCE"

CS: block property: block_name=/amplcpld/EXPANDED_FlattenFull/amplcpld prop_name=TYPE prop_terse=XDM_PROPERTY_STRING "TYPE" "amplcpld"

CS: block property: block_name=/amplcpld/EXPANDED_FlattenFull/amplcpld/c_count_6\/X_ZERO prop_name=TYPE prop_terse=XDM_PROPERTY_STRING "TYPE" "FDCE"

CS: block property: block_name=/amplcpld/EXPANDED_FlattenFull/amplcpld prop_name=TYPE prop_terse=XDM_PROPERTY_STRING "TYPE" "amplcpld"

CS: block property: block_name=/amplcpld/EXPANDED_FlattenFull/amplcpld/c_count_5\/Q prop_name=TYPE prop_terse=XDM_PROPERTY_STRING "TYPE" "FDCE"

CS: block property: block_name=/amplcpld/EXPANDED_FlattenFull/amplcpld prop_name=TYPE prop_terse=XDM_PROPERTY_STRING "TYPE" "amplcpld"

CS: block property: block_name=/amplcpld/EXPANDED_FlattenFull/amplcpld/c_count_5\/X_ZERO prop_name=TYPE prop_terse=XDM_PROPERTY_STRING "TYPE" "FDCE"

CS: block property: block_name=/amplcpld/EXPANDED_FlattenFull/amplcpld prop_name=TYPE prop_terse=XDM_PROPERTY_STRING "TYPE" "amplcpld"

CS: block property: block_name=/amplcpld/EXPANDED_FlattenFull/amplcpld/c_count_4\/Q prop_name=TYPE prop_terse=XDM_PROPERTY_STRING "TYPE" "FDCE"

CS: block property: block_name=/amplcpld/EXPANDED_FlattenFull/amplcpld prop_name=TYPE prop_terse=XDM_PROPERTY_STRING "TYPE" "amplcpld"

CS: block property: block_name=/amplcpld/EXPANDED_FlattenFull/amplcpld/c_count_4\/X_ZERO prop_name=TYPE prop_terse=XDM_PROPERTY_STRING "TYPE" "FDCE"

CS: block property: block_name=/amplcpld/EXPANDED_FlattenFull/amplcpld prop_name=TYPE prop_terse=XDM_PROPERTY_STRING "TYPE" "amplcpld"

CS: block property: block_name=/amplcpld/EXPANDED_FlattenFull/amplcpld/c_count_3\/Q prop_name=TYPE prop_terse=XDM_PROPERTY_STRING "TYPE" "FDCE"

CS: block property: block_name=/amplcpld/EXPANDED_FlattenFull/amplcpld prop_name=TYPE prop_terse=XDM_PROPERTY_STRING "TYPE" "amplcpld"

CS: block property: block_name=/amplcpld/EXPANDED_FlattenFull/amplcpld/c_count_3\/X_ZERO prop_name=TYPE prop_terse=XDM_PROPERTY_STRING "TYPE" "FDCE"

CS: block property: block_name=/amplcpld/EXPANDED_FlattenFull/amplcpld prop_name=TYPE prop_terse=XDM_PROPERTY_STRING "TYPE" "amplcpld"

CS: block property: block_name=/amplcpld/EXPANDED_FlattenFull/amplcpld/c_count_2\/Q prop_name=TYPE prop_terse=XDM_PROPERTY_STRING "TYPE" "FDCE"

CS: block property: block_name=/amplcpld/EXPANDED_FlattenFull/amplcpld prop_name=TYPE prop_terse=XDM_PROPERTY_STRING "TYPE" "amplcpld"

CS: block property: block_name=/amplcpld/EXPANDED_FlattenFull/amplcpld/c_count_2\/X_ZERO prop_name=TYPE prop_terse=XDM_PROPERTY_STRING "TYPE" "FDCE"

CS: block property: block_name=/amplcpld/EXPANDED_FlattenFull/amplcpld prop_name=TYPE prop_terse=XDM_PROPERTY_STRING "TYPE" "amplcpld"

CS: block property: block_name=/amplcpld/EXPANDED_FlattenFull/amplcpld/c_count_1\/Q prop_name=TYPE prop_terse=XDM_PROPERTY_STRING "TYPE" "FDCE"

CS: block property: block_name=/amplcpld/EXPANDED_FlattenFull/amplcpld prop_name=TYPE prop_terse=XDM_PROPERTY_STRING "TYPE" "amplcpld"

CS: block property: block_name=/amplcpld/EXPANDED_FlattenFull/amplcpld/c_count_1\/X_ZERO prop_name=TYPE prop_terse=XDM_PROPERTY_STRING "TYPE" "FDCE"

CS: block property: block_name=/amplcpld/EXPANDED_FlattenFull/amplcpld prop_name=TYPE prop_terse=XDM_PROPERTY_STRING "TYPE" "amplcpld"

CS: block property: block_name=/amplcpld/EXPANDED_FlattenFull/amplcpld/c_count_0\/Q prop_name=TYPE prop_terse=XDM_PROPERTY_STRING "TYPE" "FDCE"

CS: block property: block_name=/amplcpld/EXPANDED_FlattenFull/amplcpld prop_name=TYPE prop_terse=XDM_PROPERTY_STRING "TYPE" "amplcpld"

CS: block property: block_name=/amplcpld/EXPANDED_FlattenFull/amplcpld/c_count_0\/X_ZERO prop_name=TYPE prop_terse=XDM_PROPERTY_STRING "TYPE" "FDCE"

CS: block property: block_name=/amplcpld/EXPANDED_FlattenFull/amplcpld prop_name=TYPE prop_terse=XDM_PROPERTY_STRING "TYPE" "amplcpld"

CS: block property: block_name=/amplcpld/EXPANDED_FlattenFull/amplcpld/EVOUT\/Q prop_name=TYPE prop_terse=XDM_PROPERTY_STRING "TYPE" "FDCE"

CS: block property: block_name=/amplcpld/EXPANDED_FlattenFull/amplcpld prop_name=TYPE prop_terse=XDM_PROPERTY_STRING "TYPE" "amplcpld"

CS: block property: block_name=/amplcpld/EXPANDED_FlattenFull/amplcpld/EVOUT\/X_ZERO prop_name=TYPE prop_terse=XDM_PROPERTY_STRING "TYPE" "FDCE"

CS: block property: block_name=/amplcpld/EXPANDED_FlattenFull/amplcpld prop_name=TYPE prop_terse=XDM_PROPERTY_STRING "TYPE" "amplcpld"

CS: block property: block_name=/amplcpld/EXPANDED_FlattenFull/amplcpld/INP[0].ADC0_IN prop_name=TYPE prop_terse=XDM_PROPERTY_STRING "TYPE" "IBUF"

CS: block property: block_name=/amplcpld/EXPANDED_FlattenFull/amplcpld/INP[0].ADC0_IN prop_name=IOCOMP prop_terse=XDM_PROPERTY_BOOL "IOCOMP"

CS: block property: block_name=/amplcpld/EXPANDED_FlattenFull/amplcpld prop_name=TYPE prop_terse=XDM_PROPERTY_STRING "TYPE" "amplcpld"

CS: block property: block_name=/amplcpld/EXPANDED_FlattenFull/amplcpld/INP[0].ADC1_IN prop_name=TYPE prop_terse=XDM_PROPERTY_STRING "TYPE" "IBUF"

CS: block property: block_name=/amplcpld/EXPANDED_FlattenFull/amplcpld/INP[0].ADC1_IN prop_name=IOCOMP prop_terse=XDM_PROPERTY_BOOL "IOCOMP"

CS: block property: block_name=/amplcpld/EXPANDED_FlattenFull/amplcpld prop_name=TYPE prop_terse=XDM_PROPERTY_STRING "TYPE" "amplcpld"

CS: block property: block_name=/amplcpld/EXPANDED_FlattenFull/amplcpld/INP[1].ADC0_IN prop_name=TYPE prop_terse=XDM_PROPERTY_STRING "TYPE" "IBUF"

CS: block property: block_name=/amplcpld/EXPANDED_FlattenFull/amplcpld/INP[1].ADC0_IN prop_name=IOCOMP prop_terse=XDM_PROPERTY_BOOL "IOCOMP"

CS: block property: block_name=/amplcpld/EXPANDED_FlattenFull/amplcpld prop_name=TYPE prop_terse=XDM_PROPERTY_STRING "TYPE" "amplcpld"

CS: block property: block_name=/amplcpld/EXPANDED_FlattenFull/amplcpld/INP[1].ADC1_IN prop_name=TYPE prop_terse=XDM_PROPERTY_STRING "TYPE" "IBUF"

CS: block property: block_name=/amplcpld/EXPANDED_FlattenFull/amplcpld/INP[1].ADC1_IN prop_name=IOCOMP prop_terse=XDM_PROPERTY_BOOL "IOCOMP"

CS: block property: block_name=/amplcpld/EXPANDED_FlattenFull/amplcpld prop_name=TYPE prop_terse=XDM_PROPERTY_STRING "TYPE" "amplcpld"

CS: block property: block_name=/amplcpld/EXPANDED_FlattenFull/amplcpld/INP[2].ADC0_IN prop_name=TYPE prop_terse=XDM_PROPERTY_STRING "TYPE" "IBUF"

CS: block property: block_name=/amplcpld/EXPANDED_FlattenFull/amplcpld/INP[2].ADC0_IN prop_name=IOCOMP prop_terse=XDM_PROPERTY_BOOL "IOCOMP"

CS: block property: block_name=/amplcpld/EXPANDED_FlattenFull/amplcpld prop_name=TYPE prop_terse=XDM_PROPERTY_STRING "TYPE" "amplcpld"

CS: block property: block_name=/amplcpld/EXPANDED_FlattenFull/amplcpld/INP[2].ADC1_IN prop_name=TYPE prop_terse=XDM_PROPERTY_STRING "TYPE" "IBUF"

CS: block property: block_name=/amplcpld/EXPANDED_FlattenFull/amplcpld/INP[2].ADC1_IN prop_name=IOCOMP prop_terse=XDM_PROPERTY_BOOL "IOCOMP"

CS: block property: block_name=/amplcpld/EXPANDED_FlattenFull/amplcpld prop_name=TYPE prop_terse=XDM_PROPERTY_STRING "TYPE" "amplcpld"

CS: block property: block_name=/amplcpld/EXPANDED_FlattenFull/amplcpld/INP[3].ADC0_IN prop_name=TYPE prop_terse=XDM_PROPERTY_STRING "TYPE" "IBUF"

CS: block property: block_name=/amplcpld/EXPANDED_FlattenFull/amplcpld/INP[3].ADC0_IN prop_name=IOCOMP prop_terse=XDM_PROPERTY_BOOL "IOCOMP"

CS: block property: block_name=/amplcpld/EXPANDED_FlattenFull/amplcpld prop_name=TYPE prop_terse=XDM_PROPERTY_STRING "TYPE" "amplcpld"

CS: block property: block_name=/amplcpld/EXPANDED_FlattenFull/amplcpld/INP[3].ADC1_IN prop_name=TYPE prop_terse=XDM_PROPERTY_STRING "TYPE" "IBUF"

CS: block property: block_name=/amplcpld/EXPANDED_FlattenFull/amplcpld/INP[3].ADC1_IN prop_name=IOCOMP prop_terse=XDM_PROPERTY_BOOL "IOCOMP"

CS: block property: block_name=/amplcpld/EXPANDED_FlattenFull/amplcpld prop_name=TYPE prop_terse=XDM_PROPERTY_STRING "TYPE" "amplcpld"

CS: block property: block_name=/amplcpld/EXPANDED_FlattenFull/amplcpld/INP[4].ADC0_IN prop_name=TYPE prop_terse=XDM_PROPERTY_STRING "TYPE" "IBUF"

CS: block property: block_name=/amplcpld/EXPANDED_FlattenFull/amplcpld/INP[4].ADC0_IN prop_name=IOCOMP prop_terse=XDM_PROPERTY_BOOL "IOCOMP"

CS: block property: block_name=/amplcpld/EXPANDED_FlattenFull/amplcpld prop_name=TYPE prop_terse=XDM_PROPERTY_STRING "TYPE" "amplcpld"

CS: block property: block_name=/amplcpld/EXPANDED_FlattenFull/amplcpld/INP[4].ADC1_IN prop_name=TYPE prop_terse=XDM_PROPERTY_STRING "TYPE" "IBUF"

CS: block property: block_name=/amplcpld/EXPANDED_FlattenFull/amplcpld/INP[4].ADC1_IN prop_name=IOCOMP prop_terse=XDM_PROPERTY_BOOL "IOCOMP"

CS: block property: block_name=/amplcpld/EXPANDED_FlattenFull/amplcpld prop_name=TYPE prop_terse=XDM_PROPERTY_STRING "TYPE" "amplcpld"

CS: block property: block_name=/amplcpld/EXPANDED_FlattenFull/amplcpld/INP[5].ADC0_IN prop_name=TYPE prop_terse=XDM_PROPERTY_STRING "TYPE" "IBUF"

CS: block property: block_name=/amplcpld/EXPANDED_FlattenFull/amplcpld/INP[5].ADC0_IN prop_name=IOCOMP prop_terse=XDM_PROPERTY_BOOL "IOCOMP"

CS: block property: block_name=/amplcpld/EXPANDED_FlattenFull/amplcpld prop_name=TYPE prop_terse=XDM_PROPERTY_STRING "TYPE" "amplcpld"

CS: block property: block_name=/amplcpld/EXPANDED_FlattenFull/amplcpld/INP[5].ADC1_IN prop_name=TYPE prop_terse=XDM_PROPERTY_STRING "TYPE" "IBUF"

CS: block property: block_name=/amplcpld/EXPANDED_FlattenFull/amplcpld/INP[5].ADC1_IN prop_name=IOCOMP prop_terse=XDM_PROPERTY_BOOL "IOCOMP"

CS: block property: block_name=/amplcpld/EXPANDED_FlattenFull/amplcpld prop_name=TYPE prop_terse=XDM_PROPERTY_STRING "TYPE" "amplcpld"

CS: block property: block_name=/amplcpld/EXPANDED_FlattenFull/amplcpld/INP[6].ADC0_IN prop_name=TYPE prop_terse=XDM_PROPERTY_STRING "TYPE" "IBUF"

CS: block property: block_name=/amplcpld/EXPANDED_FlattenFull/amplcpld/INP[6].ADC0_IN prop_name=IOCOMP prop_terse=XDM_PROPERTY_BOOL "IOCOMP"

CS: block property: block_name=/amplcpld/EXPANDED_FlattenFull/amplcpld prop_name=TYPE prop_terse=XDM_PROPERTY_STRING "TYPE" "amplcpld"

CS: block property: block_name=/amplcpld/EXPANDED_FlattenFull/amplcpld/INP[6].ADC1_IN prop_name=TYPE prop_terse=XDM_PROPERTY_STRING "TYPE" "IBUF"

CS: block property: block_name=/amplcpld/EXPANDED_FlattenFull/amplcpld/INP[6].ADC1_IN prop_name=IOCOMP prop_terse=XDM_PROPERTY_BOOL "IOCOMP"

CS: block property: block_name=/amplcpld/EXPANDED_FlattenFull/amplcpld prop_name=TYPE prop_terse=XDM_PROPERTY_STRING "TYPE" "amplcpld"

CS: block property: block_name=/amplcpld/EXPANDED_FlattenFull/amplcpld/INP[7].ADC0_IN prop_name=TYPE prop_terse=XDM_PROPERTY_STRING "TYPE" "IBUF"

CS: block property: block_name=/amplcpld/EXPANDED_FlattenFull/amplcpld/INP[7].ADC0_IN prop_name=IOCOMP prop_terse=XDM_PROPERTY_BOOL "IOCOMP"

CS: block property: block_name=/amplcpld/EXPANDED_FlattenFull/amplcpld prop_name=TYPE prop_terse=XDM_PROPERTY_STRING "TYPE" "amplcpld"

CS: block property: block_name=/amplcpld/EXPANDED_FlattenFull/amplcpld/INP[7].ADC1_IN prop_name=TYPE prop_terse=XDM_PROPERTY_STRING "TYPE" "IBUF"

CS: block property: block_name=/amplcpld/EXPANDED_FlattenFull/amplcpld/INP[7].ADC1_IN prop_name=IOCOMP prop_terse=XDM_PROPERTY_BOOL "IOCOMP"

CS: block property: block_name=/amplcpld/EXPANDED_FlattenFull/amplcpld prop_name=TYPE prop_terse=XDM_PROPERTY_STRING "TYPE" "amplcpld"

CS: block property: block_name=/amplcpld/EXPANDED_FlattenFull/amplcpld/INP[8].ADC0_IN prop_name=TYPE prop_terse=XDM_PROPERTY_STRING "TYPE" "IBUF"

CS: block property: block_name=/amplcpld/EXPANDED_FlattenFull/amplcpld/INP[8].ADC0_IN prop_name=IOCOMP prop_terse=XDM_PROPERTY_BOOL "IOCOMP"

CS: block property: block_name=/amplcpld/EXPANDED_FlattenFull/amplcpld prop_name=TYPE prop_terse=XDM_PROPERTY_STRING "TYPE" "amplcpld"

CS: block property: block_name=/amplcpld/EXPANDED_FlattenFull/amplcpld/INP[8].ADC1_IN prop_name=TYPE prop_terse=XDM_PROPERTY_STRING "TYPE" "IBUF"

CS: block property: block_name=/amplcpld/EXPANDED_FlattenFull/amplcpld/INP[8].ADC1_IN prop_name=IOCOMP prop_terse=XDM_PROPERTY_BOOL "IOCOMP"

CS: block property: block_name=/amplcpld/EXPANDED_FlattenFull/amplcpld prop_name=TYPE prop_terse=XDM_PROPERTY_STRING "TYPE" "amplcpld"

CS: block property: block_name=/amplcpld/EXPANDED_FlattenFull/amplcpld/INP[9].ADC0_IN prop_name=TYPE prop_terse=XDM_PROPERTY_STRING "TYPE" "IBUF"

CS: block property: block_name=/amplcpld/EXPANDED_FlattenFull/amplcpld/INP[9].ADC0_IN prop_name=IOCOMP prop_terse=XDM_PROPERTY_BOOL "IOCOMP"

CS: block property: block_name=/amplcpld/EXPANDED_FlattenFull/amplcpld prop_name=TYPE prop_terse=XDM_PROPERTY_STRING "TYPE" "amplcpld"

CS: block property: block_name=/amplcpld/EXPANDED_FlattenFull/amplcpld/INP[9].ADC1_IN prop_name=TYPE prop_terse=XDM_PROPERTY_STRING "TYPE" "IBUF"

CS: block property: block_name=/amplcpld/EXPANDED_FlattenFull/amplcpld/INP[9].ADC1_IN prop_name=IOCOMP prop_terse=XDM_PROPERTY_BOOL "IOCOMP"

CS: block property: block_name=/amplcpld/EXPANDED_FlattenFull/amplcpld prop_name=TYPE prop_terse=XDM_PROPERTY_STRING "TYPE" "amplcpld"

CS: block property: block_name=/amplcpld/EXPANDED_FlattenFull/amplcpld/INP[10].ADC0_IN prop_name=TYPE prop_terse=XDM_PROPERTY_STRING "TYPE" "IBUF"

CS: block property: block_name=/amplcpld/EXPANDED_FlattenFull/amplcpld/INP[10].ADC0_IN prop_name=IOCOMP prop_terse=XDM_PROPERTY_BOOL "IOCOMP"

CS: block property: block_name=/amplcpld/EXPANDED_FlattenFull/amplcpld prop_name=TYPE prop_terse=XDM_PROPERTY_STRING "TYPE" "amplcpld"

CS: block property: block_name=/amplcpld/EXPANDED_FlattenFull/amplcpld/INP[10].ADC1_IN prop_name=TYPE prop_terse=XDM_PROPERTY_STRING "TYPE" "IBUF"

CS: block property: block_name=/amplcpld/EXPANDED_FlattenFull/amplcpld/INP[10].ADC1_IN prop_name=IOCOMP prop_terse=XDM_PROPERTY_BOOL "IOCOMP"

CS: block property: block_name=/amplcpld/EXPANDED_FlattenFull/amplcpld prop_name=TYPE prop_terse=XDM_PROPERTY_STRING "TYPE" "amplcpld"

CS: block property: block_name=/amplcpld/EXPANDED_FlattenFull/amplcpld/INP[11].ADC0_IN prop_name=TYPE prop_terse=XDM_PROPERTY_STRING "TYPE" "IBUF"

CS: block property: block_name=/amplcpld/EXPANDED_FlattenFull/amplcpld/INP[11].ADC0_IN prop_name=IOCOMP prop_terse=XDM_PROPERTY_BOOL "IOCOMP"

CS: block property: block_name=/amplcpld/EXPANDED_FlattenFull/amplcpld prop_name=TYPE prop_terse=XDM_PROPERTY_STRING "TYPE" "amplcpld"

CS: block property: block_name=/amplcpld/EXPANDED_FlattenFull/amplcpld/INP[11].ADC1_IN prop_name=TYPE prop_terse=XDM_PROPERTY_STRING "TYPE" "IBUF"

CS: block property: block_name=/amplcpld/EXPANDED_FlattenFull/amplcpld/INP[11].ADC1_IN prop_name=IOCOMP prop_terse=XDM_PROPERTY_BOOL "IOCOMP"

CS: block property: block_name=/amplcpld/EXPANDED_FlattenFull/amplcpld prop_name=TYPE prop_terse=XDM_PROPERTY_STRING "TYPE" "amplcpld"

CS: block property: block_name=/amplcpld/EXPANDED_FlattenFull/amplcpld/OUTP[0].DOUT_OUT prop_name=TYPE prop_terse=XDM_PROPERTY_STRING "TYPE" "OBUF"

CS: block property: block_name=/amplcpld/EXPANDED_FlattenFull/amplcpld/OUTP[0].DOUT_OUT prop_name=IOCOMP prop_terse=XDM_PROPERTY_BOOL "IOCOMP"

CS: block property: block_name=/amplcpld/EXPANDED_FlattenFull/amplcpld/OUTP[0].DOUT_OUT prop_name=SLOW prop_terse=XDM_PROPERTY_BOOL "SLOW"

CS: block property: block_name=/amplcpld/EXPANDED_FlattenFull/amplcpld prop_name=TYPE prop_terse=XDM_PROPERTY_STRING "TYPE" "amplcpld"

CS: block property: block_name=/amplcpld/EXPANDED_FlattenFull/amplcpld/OUTP[1].DOUT_OUT prop_name=TYPE prop_terse=XDM_PROPERTY_STRING "TYPE" "OBUF"

CS: block property: block_name=/amplcpld/EXPANDED_FlattenFull/amplcpld/OUTP[1].DOUT_OUT prop_name=IOCOMP prop_terse=XDM_PROPERTY_BOOL "IOCOMP"

CS: block property: block_name=/amplcpld/EXPANDED_FlattenFull/amplcpld/OUTP[1].DOUT_OUT prop_name=SLOW prop_terse=XDM_PROPERTY_BOOL "SLOW"

CS: block property: block_name=/amplcpld/EXPANDED_FlattenFull/amplcpld prop_name=TYPE prop_terse=XDM_PROPERTY_STRING "TYPE" "amplcpld"

CS: block property: block_name=/amplcpld/EXPANDED_FlattenFull/amplcpld/OUTP[2].DOUT_OUT prop_name=TYPE prop_terse=XDM_PROPERTY_STRING "TYPE" "OBUF"

CS: block property: block_name=/amplcpld/EXPANDED_FlattenFull/amplcpld/OUTP[2].DOUT_OUT prop_name=IOCOMP prop_terse=XDM_PROPERTY_BOOL "IOCOMP"

CS: block property: block_name=/amplcpld/EXPANDED_FlattenFull/amplcpld/OUTP[2].DOUT_OUT prop_name=SLOW prop_terse=XDM_PROPERTY_BOOL "SLOW"

CS: block property: block_name=/amplcpld/EXPANDED_FlattenFull/amplcpld prop_name=TYPE prop_terse=XDM_PROPERTY_STRING "TYPE" "amplcpld"

CS: block property: block_name=/amplcpld/EXPANDED_FlattenFull/amplcpld/OUTP[3].DOUT_OUT prop_name=TYPE prop_terse=XDM_PROPERTY_STRING "TYPE" "OBUF"

CS: block property: block_name=/amplcpld/EXPANDED_FlattenFull/amplcpld/OUTP[3].DOUT_OUT prop_name=IOCOMP prop_terse=XDM_PROPERTY_BOOL "IOCOMP"

CS: block property: block_name=/amplcpld/EXPANDED_FlattenFull/amplcpld/OUTP[3].DOUT_OUT prop_name=SLOW prop_terse=XDM_PROPERTY_BOOL "SLOW"

CS: block property: block_name=/amplcpld/EXPANDED_FlattenFull/amplcpld prop_name=TYPE prop_terse=XDM_PROPERTY_STRING "TYPE" "amplcpld"

CS: block property: block_name=/amplcpld/EXPANDED_FlattenFull/amplcpld/OUTP[4].DOUT_OUT prop_name=TYPE prop_terse=XDM_PROPERTY_STRING "TYPE" "OBUF"

CS: block property: block_name=/amplcpld/EXPANDED_FlattenFull/amplcpld/OUTP[4].DOUT_OUT prop_name=IOCOMP prop_terse=XDM_PROPERTY_BOOL "IOCOMP"

CS: block property: block_name=/amplcpld/EXPANDED_FlattenFull/amplcpld/OUTP[4].DOUT_OUT prop_name=SLOW prop_terse=XDM_PROPERTY_BOOL "SLOW"

CS: block property: block_name=/amplcpld/EXPANDED_FlattenFull/amplcpld prop_name=TYPE prop_terse=XDM_PROPERTY_STRING "TYPE" "amplcpld"

CS: block property: block_name=/amplcpld/EXPANDED_FlattenFull/amplcpld/OUTP[5].DOUT_OUT prop_name=TYPE prop_terse=XDM_PROPERTY_STRING "TYPE" "OBUF"

CS: block property: block_name=/amplcpld/EXPANDED_FlattenFull/amplcpld/OUTP[5].DOUT_OUT prop_name=IOCOMP prop_terse=XDM_PROPERTY_BOOL "IOCOMP"

CS: block property: block_name=/amplcpld/EXPANDED_FlattenFull/amplcpld/OUTP[5].DOUT_OUT prop_name=SLOW prop_terse=XDM_PROPERTY_BOOL "SLOW"

CS: block property: block_name=/amplcpld/EXPANDED_FlattenFull/amplcpld prop_name=TYPE prop_terse=XDM_PROPERTY_STRING "TYPE" "amplcpld"

CS: block property: block_name=/amplcpld/EXPANDED_FlattenFull/amplcpld/OUTP[6].DOUT_OUT prop_name=TYPE prop_terse=XDM_PROPERTY_STRING "TYPE" "OBUF"

CS: block property: block_name=/amplcpld/EXPANDED_FlattenFull/amplcpld/OUTP[6].DOUT_OUT prop_name=IOCOMP prop_terse=XDM_PROPERTY_BOOL "IOCOMP"

CS: block property: block_name=/amplcpld/EXPANDED_FlattenFull/amplcpld/OUTP[6].DOUT_OUT prop_name=SLOW prop_terse=XDM_PROPERTY_BOOL "SLOW"

CS: block property: block_name=/amplcpld/EXPANDED_FlattenFull/amplcpld prop_name=TYPE prop_terse=XDM_PROPERTY_STRING "TYPE" "amplcpld"

CS: block property: block_name=/amplcpld/EXPANDED_FlattenFull/amplcpld/OUTP[7].DOUT_OUT prop_name=TYPE prop_terse=XDM_PROPERTY_STRING "TYPE" "OBUF"

CS: block property: block_name=/amplcpld/EXPANDED_FlattenFull/amplcpld/OUTP[7].DOUT_OUT prop_name=IOCOMP prop_terse=XDM_PROPERTY_BOOL "IOCOMP"

CS: block property: block_name=/amplcpld/EXPANDED_FlattenFull/amplcpld/OUTP[7].DOUT_OUT prop_name=SLOW prop_terse=XDM_PROPERTY_BOOL "SLOW"

CS: block property: block_name=/amplcpld/EXPANDED_FlattenFull/amplcpld prop_name=TYPE prop_terse=XDM_PROPERTY_STRING "TYPE" "amplcpld"

CS: block property: block_name=/amplcpld/EXPANDED_FlattenFull/amplcpld/OUTP[8].DOUT_OUT prop_name=TYPE prop_terse=XDM_PROPERTY_STRING "TYPE" "OBUF"

CS: block property: block_name=/amplcpld/EXPANDED_FlattenFull/amplcpld/OUTP[8].DOUT_OUT prop_name=IOCOMP prop_terse=XDM_PROPERTY_BOOL "IOCOMP"

CS: block property: block_name=/amplcpld/EXPANDED_FlattenFull/amplcpld/OUTP[8].DOUT_OUT prop_name=SLOW prop_terse=XDM_PROPERTY_BOOL "SLOW"

CS: block property: block_name=/amplcpld/EXPANDED_FlattenFull/amplcpld prop_name=TYPE prop_terse=XDM_PROPERTY_STRING "TYPE" "amplcpld"

CS: block property: block_name=/amplcpld/EXPANDED_FlattenFull/amplcpld/OUTP[9].DOUT_OUT prop_name=TYPE prop_terse=XDM_PROPERTY_STRING "TYPE" "OBUF"

CS: block property: block_name=/amplcpld/EXPANDED_FlattenFull/amplcpld/OUTP[9].DOUT_OUT prop_name=IOCOMP prop_terse=XDM_PROPERTY_BOOL "IOCOMP"

CS: block property: block_name=/amplcpld/EXPANDED_FlattenFull/amplcpld/OUTP[9].DOUT_OUT prop_name=SLOW prop_terse=XDM_PROPERTY_BOOL "SLOW"

CS: block property: block_name=/amplcpld/EXPANDED_FlattenFull/amplcpld prop_name=TYPE prop_terse=XDM_PROPERTY_STRING "TYPE" "amplcpld"

CS: block property: block_name=/amplcpld/EXPANDED_FlattenFull/amplcpld/OUTP[10].DOUT_OUT prop_name=TYPE prop_terse=XDM_PROPERTY_STRING "TYPE" "OBUF"

CS: block property: block_name=/amplcpld/EXPANDED_FlattenFull/amplcpld/OUTP[10].DOUT_OUT prop_name=IOCOMP prop_terse=XDM_PROPERTY_BOOL "IOCOMP"

CS: block property: block_name=/amplcpld/EXPANDED_FlattenFull/amplcpld/OUTP[10].DOUT_OUT prop_name=SLOW prop_terse=XDM_PROPERTY_BOOL "SLOW"

CS: block property: block_name=/amplcpld/EXPANDED_FlattenFull/amplcpld prop_name=TYPE prop_terse=XDM_PROPERTY_STRING "TYPE" "amplcpld"

CS: block property: block_name=/amplcpld/EXPANDED_FlattenFull/amplcpld/OUTP[11].DOUT_OUT prop_name=TYPE prop_terse=XDM_PROPERTY_STRING "TYPE" "OBUF"

CS: block property: block_name=/amplcpld/EXPANDED_FlattenFull/amplcpld/OUTP[11].DOUT_OUT prop_name=IOCOMP prop_terse=XDM_PROPERTY_BOOL "IOCOMP"

CS: block property: block_name=/amplcpld/EXPANDED_FlattenFull/amplcpld/OUTP[11].DOUT_OUT prop_name=SLOW prop_terse=XDM_PROPERTY_BOOL "SLOW"

CS: block property: block_name=/amplcpld/EXPANDED_FlattenFull/amplcpld prop_name=TYPE prop_terse=XDM_PROPERTY_STRING "TYPE" "amplcpld"

CS: block property: block_name=/amplcpld/EXPANDED_FlattenFull/amplcpld/OUTP[12].DOUT_OUT prop_name=TYPE prop_terse=XDM_PROPERTY_STRING "TYPE" "OBUF"

CS: block property: block_name=/amplcpld/EXPANDED_FlattenFull/amplcpld/OUTP[12].DOUT_OUT prop_name=IOCOMP prop_terse=XDM_PROPERTY_BOOL "IOCOMP"

CS: block property: block_name=/amplcpld/EXPANDED_FlattenFull/amplcpld/OUTP[12].DOUT_OUT prop_name=SLOW prop_terse=XDM_PROPERTY_BOOL "SLOW"

CS: block property: block_name=/amplcpld/EXPANDED_FlattenFull/amplcpld prop_name=TYPE prop_terse=XDM_PROPERTY_STRING "TYPE" "amplcpld"

CS: block property: block_name=/amplcpld/EXPANDED_FlattenFull/amplcpld/STR_BUF prop_name=TYPE prop_terse=XDM_PROPERTY_STRING "TYPE" "IBUF"

CS: block property: block_name=/amplcpld/EXPANDED_FlattenFull/amplcpld/STR_BUF prop_name=IOCOMP prop_terse=XDM_PROPERTY_BOOL "IOCOMP"

CS: block property: block_name=/amplcpld/EXPANDED_FlattenFull/amplcpld prop_name=TYPE prop_terse=XDM_PROPERTY_STRING "TYPE" "amplcpld"

CS: block property: block_name=/amplcpld/EXPANDED_FlattenFull/amplcpld/ENA_BUF prop_name=TYPE prop_terse=XDM_PROPERTY_STRING "TYPE" "IBUF"

CS: block property: block_name=/amplcpld/EXPANDED_FlattenFull/amplcpld/ENA_BUF prop_name=IOCOMP prop_terse=XDM_PROPERTY_BOOL "IOCOMP"

CS: block property: block_name=/amplcpld/EXPANDED_FlattenFull/amplcpld prop_name=TYPE prop_terse=XDM_PROPERTY_STRING "TYPE" "amplcpld"

CS: block property: block_name=/amplcpld/EXPANDED_FlattenFull/amplcpld/EV_BUF prop_name=TYPE prop_terse=XDM_PROPERTY_STRING "TYPE" "IBUF"

CS: block property: block_name=/amplcpld/EXPANDED_FlattenFull/amplcpld/EV_BUF prop_name=IOCOMP prop_terse=XDM_PROPERTY_BOOL "IOCOMP"

CS: block property: block_name=/amplcpld/EXPANDED_FlattenFull/amplcpld prop_name=TYPE prop_terse=XDM_PROPERTY_STRING "TYPE" "amplcpld"

CS: block property: block_name=/amplcpld/EXPANDED_FlattenFull/amplcpld/EVO_BUF prop_name=TYPE prop_terse=XDM_PROPERTY_STRING "TYPE" "OBUF"

CS: block property: block_name=/amplcpld/EXPANDED_FlattenFull/amplcpld/EVO_BUF prop_name=IOCOMP prop_terse=XDM_PROPERTY_BOOL "IOCOMP"

CS: block property: block_name=/amplcpld/EXPANDED_FlattenFull/amplcpld/EVO_BUF prop_name=SLOW prop_terse=XDM_PROPERTY_BOOL "SLOW"

CS: block property: block_name=/amplcpld/EXPANDED_FlattenFull/amplcpld prop_name=TYPE prop_terse=XDM_PROPERTY_STRING "TYPE" "amplcpld"

CS: block property: block_name=/amplcpld/EXPANDED_FlattenFull/amplcpld/CL_BUF prop_name=TYPE prop_terse=XDM_PROPERTY_STRING "TYPE" "IBUF"

CS: block property: block_name=/amplcpld/EXPANDED_FlattenFull/amplcpld/CL_BUF prop_name=IOCOMP prop_terse=XDM_PROPERTY_BOOL "IOCOMP"

CS: block property: block_name=/amplcpld/EXPANDED_FlattenFull/amplcpld prop_name=TYPE prop_terse=XDM_PROPERTY_STRING "TYPE" "amplcpld"

CS: block property: block_name=/amplcpld/EXPANDED_FlattenFull/amplcpld/CL20 prop_name=TYPE prop_terse=XDM_PROPERTY_STRING "TYPE" "OBUF"

CS: block property: block_name=/amplcpld/EXPANDED_FlattenFull/amplcpld/CL20 prop_name=IOCOMP prop_terse=XDM_PROPERTY_BOOL "IOCOMP"

CS: block property: block_name=/amplcpld/EXPANDED_FlattenFull/amplcpld/CL20 prop_name=SLOW prop_terse=XDM_PROPERTY_BOOL "SLOW"

CS: block property: block_name=/amplcpld/EXPANDED_FlattenFull/amplcpld prop_name=TYPE prop_terse=XDM_PROPERTY_STRING "TYPE" "amplcpld"

CS: block property: block_name=/amplcpld/EXPANDED_FlattenFull/amplcpld/CL20_N prop_name=TYPE prop_terse=XDM_PROPERTY_STRING "TYPE" "OBUF"

CS: block property: block_name=/amplcpld/EXPANDED_FlattenFull/amplcpld/CL20_N prop_name=IOCOMP prop_terse=XDM_PROPERTY_BOOL "IOCOMP"

CS: block property: block_name=/amplcpld/EXPANDED_FlattenFull/amplcpld/CL20_N prop_name=SLOW prop_terse=XDM_PROPERTY_BOOL "SLOW"

CS: block property: block_name=/amplcpld/EXPANDED_FlattenFull/amplcpld prop_name=TYPE prop_terse=XDM_PROPERTY_STRING "TYPE" "amplcpld"

CS: block property: block_name=/amplcpld/EXPANDED_FlattenFull/amplcpld/CL40 prop_name=TYPE prop_terse=XDM_PROPERTY_STRING "TYPE" "OBUF"

CS: block property: block_name=/amplcpld/EXPANDED_FlattenFull/amplcpld/CL40 prop_name=IOCOMP prop_terse=XDM_PROPERTY_BOOL "IOCOMP"

CS: block property: block_name=/amplcpld/EXPANDED_FlattenFull/amplcpld/CL40 prop_name=SLOW prop_terse=XDM_PROPERTY_BOOL "SLOW"

CS: block property: block_name=/amplcpld/EXPANDED_FlattenFull/amplcpld prop_name=TYPE prop_terse=XDM_PROPERTY_STRING "TYPE" "amplcpld"

CS: block property: block_name=/amplcpld/EXPANDED_FlattenFull/amplcpld/DV0 prop_name=TYPE prop_terse=XDM_PROPERTY_STRING "TYPE" "OBUF"

CS: block property: block_name=/amplcpld/EXPANDED_FlattenFull/amplcpld/DV0 prop_name=IOCOMP prop_terse=XDM_PROPERTY_BOOL "IOCOMP"

CS: block property: block_name=/amplcpld/EXPANDED_FlattenFull/amplcpld/DV0 prop_name=SLOW prop_terse=XDM_PROPERTY_BOOL "SLOW"

CS: block property: block_name=/amplcpld/EXPANDED_FlattenFull/amplcpld prop_name=TYPE prop_terse=XDM_PROPERTY_STRING "TYPE" "amplcpld"

CS: block property: block_name=/amplcpld/EXPANDED_FlattenFull/amplcpld/CN_1\/tmp_1\/Q\/FDCP prop_name=TYPE prop_terse=XDM_PROPERTY_STRING "TYPE" "FDCP"

CS: block property: block_name=/amplcpld/EXPANDED_FlattenFull/amplcpld prop_name=TYPE prop_terse=XDM_PROPERTY_STRING "TYPE" "amplcpld"

CS: block property: block_name=/amplcpld/EXPANDED_FlattenFull/amplcpld/CN_1\/tmp_1\/Q\/X_ONE prop_name=TYPE prop_terse=XDM_PROPERTY_STRING "TYPE" "FDCP"

CS: block property: block_name=/amplcpld/EXPANDED_FlattenFull/amplcpld prop_name=TYPE prop_terse=XDM_PROPERTY_STRING "TYPE" "amplcpld"

CS: block property: block_name=/amplcpld/EXPANDED_FlattenFull/amplcpld/CN_1\/tmp_1\/$1I43 prop_name=TYPE prop_terse=XDM_PROPERTY_STRING "TYPE" "GND"

CS: block property: block_name=/amplcpld/EXPANDED_FlattenFull/amplcpld prop_name=TYPE prop_terse=XDM_PROPERTY_STRING "TYPE" "amplcpld"

CS: block property: block_name=/amplcpld/EXPANDED_FlattenFull/amplcpld/CN_1\/tmp_0\/Q\/FDCP prop_name=TYPE prop_terse=XDM_PROPERTY_STRING "TYPE" "FDCP"

CS: block property: block_name=/amplcpld/EXPANDED_FlattenFull/amplcpld prop_name=TYPE prop_terse=XDM_PROPERTY_STRING "TYPE" "amplcpld"

CS: block property: block_name=/amplcpld/EXPANDED_FlattenFull/amplcpld/CN_1\/tmp_0\/Q\/X_ONE prop_name=TYPE prop_terse=XDM_PROPERTY_STRING "TYPE" "FDCP"

CS: block property: block_name=/amplcpld/EXPANDED_FlattenFull/amplcpld prop_name=TYPE prop_terse=XDM_PROPERTY_STRING "TYPE" "amplcpld"

CS: block property: block_name=/amplcpld/EXPANDED_FlattenFull/amplcpld/CN_1\/tmp_0\/$1I43 prop_name=TYPE prop_terse=XDM_PROPERTY_STRING "TYPE" "GND"

CS: block property: block_name=/amplcpld/EXPANDED_FlattenFull/amplcpld prop_name=TYPE prop_terse=XDM_PROPERTY_STRING "TYPE" "amplcpld"

CS: block property: block_name=/amplcpld/EXPANDED_FlattenFull/amplcpld/CN_1\/tmp_Madd__add0000_Mxor_Result<1>\/Xo<0>1 prop_name=TYPE prop_terse=XDM_PROPERTY_STRING "TYPE" "XOR2"

CS: block property: block_name=/amplcpld/EXPANDED_FlattenFull/amplcpld prop_name=TYPE prop_terse=XDM_PROPERTY_STRING "TYPE" "amplcpld"

CS: block property: block_name=/amplcpld/EXPANDED_FlattenFull/amplcpld/c_count_Madd__add0000_Mxor_Result<1>\/Xo<0>1 prop_name=TYPE prop_terse=XDM_PROPERTY_STRING "TYPE" "XOR2"

CS: block property: block_name=/amplcpld/EXPANDED_FlattenFull/amplcpld prop_name=TYPE prop_terse=XDM_PROPERTY_STRING "TYPE" "amplcpld"

CS: block property: block_name=/amplcpld/EXPANDED_FlattenFull/amplcpld/c_count_Madd__add0000_Mxor_Result<2>\/Xo<0>1 prop_name=TYPE prop_terse=XDM_PROPERTY_STRING "TYPE" "XOR2"

CS: block property: block_name=/amplcpld/EXPANDED_FlattenFull/amplcpld prop_name=TYPE prop_terse=XDM_PROPERTY_STRING "TYPE" "amplcpld"

CS: block property: block_name=/amplcpld/EXPANDED_FlattenFull/amplcpld/c_count_Madd__add0000_Mxor_Result<3>\/Xo<0>1 prop_name=TYPE prop_terse=XDM_PROPERTY_STRING "TYPE" "XOR2"

CS: block property: block_name=/amplcpld/EXPANDED_FlattenFull/amplcpld prop_name=TYPE prop_terse=XDM_PROPERTY_STRING "TYPE" "amplcpld"

CS: block property: block_name=/amplcpld/EXPANDED_FlattenFull/amplcpld/c_count_Madd__add0000_Mxor_Result<4>\/Xo<0>1 prop_name=TYPE prop_terse=XDM_PROPERTY_STRING "TYPE" "XOR2"

CS: block property: block_name=/amplcpld/EXPANDED_FlattenFull/amplcpld prop_name=TYPE prop_terse=XDM_PROPERTY_STRING "TYPE" "amplcpld"

CS: block property: block_name=/amplcpld/EXPANDED_FlattenFull/amplcpld/c_count_Madd__add0000_Mxor_Result<5>\/Xo<0>1 prop_name=TYPE prop_terse=XDM_PROPERTY_STRING "TYPE" "XOR2"

CS: block property: block_name=/amplcpld/EXPANDED_FlattenFull/amplcpld prop_name=TYPE prop_terse=XDM_PROPERTY_STRING "TYPE" "amplcpld"

CS: block property: block_name=/amplcpld/EXPANDED_FlattenFull/amplcpld/c_count_Madd__add0000_Mxor_Result<6>\/Xo<0>1 prop_name=TYPE prop_terse=XDM_PROPERTY_STRING "TYPE" "XOR2"

CS: block property: block_name=/amplcpld/EXPANDED_FlattenFull/amplcpld prop_name=TYPE prop_terse=XDM_PROPERTY_STRING "TYPE" "amplcpld"

CS: block property: block_name=/amplcpld/EXPANDED_FlattenFull/amplcpld/Mxor_dly_0_xor0000\/Xo<0>1 prop_name=TYPE prop_terse=XDM_PROPERTY_STRING "TYPE" "XOR2"

CS: block property: block_name=/amplcpld/EXPANDED_FlattenFull/amplcpld prop_name=TYPE prop_terse=XDM_PROPERTY_STRING "TYPE" "amplcpld"

CS: block property: block_name=/amplcpld/EXPANDED_FlattenFull/amplcpld/M_L\/O_0\/Q prop_name=TYPE prop_terse=XDM_PROPERTY_STRING "TYPE" "FDCE"

CS: block property: block_name=/amplcpld/EXPANDED_FlattenFull/amplcpld prop_name=TYPE prop_terse=XDM_PROPERTY_STRING "TYPE" "amplcpld"

CS: block property: block_name=/amplcpld/EXPANDED_FlattenFull/amplcpld/M_L\/O_0\/X_ZERO prop_name=TYPE prop_terse=XDM_PROPERTY_STRING "TYPE" "FDCE"

CS: block property: block_name=/amplcpld/EXPANDED_FlattenFull/amplcpld prop_name=TYPE prop_terse=XDM_PROPERTY_STRING "TYPE" "amplcpld"

CS: block property: block_name=/amplcpld/EXPANDED_FlattenFull/amplcpld/M_L\/O_1\/Q prop_name=TYPE prop_terse=XDM_PROPERTY_STRING "TYPE" "FDCE"

CS: block property: block_name=/amplcpld/EXPANDED_FlattenFull/amplcpld prop_name=TYPE prop_terse=XDM_PROPERTY_STRING "TYPE" "amplcpld"

CS: block property: block_name=/amplcpld/EXPANDED_FlattenFull/amplcpld/M_L\/O_1\/X_ZERO prop_name=TYPE prop_terse=XDM_PROPERTY_STRING "TYPE" "FDCE"

CS: block property: block_name=/amplcpld/EXPANDED_FlattenFull/amplcpld prop_name=TYPE prop_terse=XDM_PROPERTY_STRING "TYPE" "amplcpld"

CS: block property: block_name=/amplcpld/EXPANDED_FlattenFull/amplcpld/M_L\/O_2\/Q prop_name=TYPE prop_terse=XDM_PROPERTY_STRING "TYPE" "FDCE"

CS: block property: block_name=/amplcpld/EXPANDED_FlattenFull/amplcpld prop_name=TYPE prop_terse=XDM_PROPERTY_STRING "TYPE" "amplcpld"

CS: block property: block_name=/amplcpld/EXPANDED_FlattenFull/amplcpld/M_L\/O_2\/X_ZERO prop_name=TYPE prop_terse=XDM_PROPERTY_STRING "TYPE" "FDCE"

CS: block property: block_name=/amplcpld/EXPANDED_FlattenFull/amplcpld prop_name=TYPE prop_terse=XDM_PROPERTY_STRING "TYPE" "amplcpld"

CS: block property: block_name=/amplcpld/EXPANDED_FlattenFull/amplcpld/M_L\/O_3\/Q prop_name=TYPE prop_terse=XDM_PROPERTY_STRING "TYPE" "FDCE"

CS: block property: block_name=/amplcpld/EXPANDED_FlattenFull/amplcpld prop_name=TYPE prop_terse=XDM_PROPERTY_STRING "TYPE" "amplcpld"

CS: block property: block_name=/amplcpld/EXPANDED_FlattenFull/amplcpld/M_L\/O_3\/X_ZERO prop_name=TYPE prop_terse=XDM_PROPERTY_STRING "TYPE" "FDCE"

CS: block property: block_name=/amplcpld/EXPANDED_FlattenFull/amplcpld prop_name=TYPE prop_terse=XDM_PROPERTY_STRING "TYPE" "amplcpld"

CS: block property: block_name=/amplcpld/EXPANDED_FlattenFull/amplcpld/M_L\/O_4\/Q prop_name=TYPE prop_terse=XDM_PROPERTY_STRING "TYPE" "FDCE"

CS: block property: block_name=/amplcpld/EXPANDED_FlattenFull/amplcpld prop_name=TYPE prop_terse=XDM_PROPERTY_STRING "TYPE" "amplcpld"

CS: block property: block_name=/amplcpld/EXPANDED_FlattenFull/amplcpld/M_L\/O_4\/X_ZERO prop_name=TYPE prop_terse=XDM_PROPERTY_STRING "TYPE" "FDCE"

CS: block property: block_name=/amplcpld/EXPANDED_FlattenFull/amplcpld prop_name=TYPE prop_terse=XDM_PROPERTY_STRING "TYPE" "amplcpld"

CS: block property: block_name=/amplcpld/EXPANDED_FlattenFull/amplcpld/M_L\/O_5\/Q prop_name=TYPE prop_terse=XDM_PROPERTY_STRING "TYPE" "FDCE"

CS: block property: block_name=/amplcpld/EXPANDED_FlattenFull/amplcpld prop_name=TYPE prop_terse=XDM_PROPERTY_STRING "TYPE" "amplcpld"

CS: block property: block_name=/amplcpld/EXPANDED_FlattenFull/amplcpld/M_L\/O_5\/X_ZERO prop_name=TYPE prop_terse=XDM_PROPERTY_STRING "TYPE" "FDCE"

CS: block property: block_name=/amplcpld/EXPANDED_FlattenFull/amplcpld prop_name=TYPE prop_terse=XDM_PROPERTY_STRING "TYPE" "amplcpld"

CS: block property: block_name=/amplcpld/EXPANDED_FlattenFull/amplcpld/M_L\/O_6\/Q prop_name=TYPE prop_terse=XDM_PROPERTY_STRING "TYPE" "FDCE"

CS: block property: block_name=/amplcpld/EXPANDED_FlattenFull/amplcpld prop_name=TYPE prop_terse=XDM_PROPERTY_STRING "TYPE" "amplcpld"

CS: block property: block_name=/amplcpld/EXPANDED_FlattenFull/amplcpld/M_L\/O_6\/X_ZERO prop_name=TYPE prop_terse=XDM_PROPERTY_STRING "TYPE" "FDCE"

CS: block property: block_name=/amplcpld/EXPANDED_FlattenFull/amplcpld prop_name=TYPE prop_terse=XDM_PROPERTY_STRING "TYPE" "amplcpld"

CS: block property: block_name=/amplcpld/EXPANDED_FlattenFull/amplcpld/M_L\/O_7\/Q prop_name=TYPE prop_terse=XDM_PROPERTY_STRING "TYPE" "FDCE"

CS: block property: block_name=/amplcpld/EXPANDED_FlattenFull/amplcpld prop_name=TYPE prop_terse=XDM_PROPERTY_STRING "TYPE" "amplcpld"

CS: block property: block_name=/amplcpld/EXPANDED_FlattenFull/amplcpld/M_L\/O_7\/X_ZERO prop_name=TYPE prop_terse=XDM_PROPERTY_STRING "TYPE" "FDCE"

CS: block property: block_name=/amplcpld/EXPANDED_FlattenFull/amplcpld prop_name=TYPE prop_terse=XDM_PROPERTY_STRING "TYPE" "amplcpld"

CS: block property: block_name=/amplcpld/EXPANDED_FlattenFull/amplcpld/M_L\/O_8\/Q prop_name=TYPE prop_terse=XDM_PROPERTY_STRING "TYPE" "FDCE"

CS: block property: block_name=/amplcpld/EXPANDED_FlattenFull/amplcpld prop_name=TYPE prop_terse=XDM_PROPERTY_STRING "TYPE" "amplcpld"

CS: block property: block_name=/amplcpld/EXPANDED_FlattenFull/amplcpld/M_L\/O_8\/X_ZERO prop_name=TYPE prop_terse=XDM_PROPERTY_STRING "TYPE" "FDCE"

CS: block property: block_name=/amplcpld/EXPANDED_FlattenFull/amplcpld prop_name=TYPE prop_terse=XDM_PROPERTY_STRING "TYPE" "amplcpld"

CS: block property: block_name=/amplcpld/EXPANDED_FlattenFull/amplcpld/M_L\/O_9\/Q prop_name=TYPE prop_terse=XDM_PROPERTY_STRING "TYPE" "FDCE"

CS: block property: block_name=/amplcpld/EXPANDED_FlattenFull/amplcpld prop_name=TYPE prop_terse=XDM_PROPERTY_STRING "TYPE" "amplcpld"

CS: block property: block_name=/amplcpld/EXPANDED_FlattenFull/amplcpld/M_L\/O_9\/X_ZERO prop_name=TYPE prop_terse=XDM_PROPERTY_STRING "TYPE" "FDCE"

CS: block property: block_name=/amplcpld/EXPANDED_FlattenFull/amplcpld prop_name=TYPE prop_terse=XDM_PROPERTY_STRING "TYPE" "amplcpld"

CS: block property: block_name=/amplcpld/EXPANDED_FlattenFull/amplcpld/M_L\/O_10\/Q prop_name=TYPE prop_terse=XDM_PROPERTY_STRING "TYPE" "FDCE"

CS: block property: block_name=/amplcpld/EXPANDED_FlattenFull/amplcpld prop_name=TYPE prop_terse=XDM_PROPERTY_STRING "TYPE" "amplcpld"

CS: block property: block_name=/amplcpld/EXPANDED_FlattenFull/amplcpld/M_L\/O_10\/X_ZERO prop_name=TYPE prop_terse=XDM_PROPERTY_STRING "TYPE" "FDCE"

CS: block property: block_name=/amplcpld/EXPANDED_FlattenFull/amplcpld prop_name=TYPE prop_terse=XDM_PROPERTY_STRING "TYPE" "amplcpld"

CS: block property: block_name=/amplcpld/EXPANDED_FlattenFull/amplcpld/M_L\/O_11\/Q prop_name=TYPE prop_terse=XDM_PROPERTY_STRING "TYPE" "FDCE"

CS: block property: block_name=/amplcpld/EXPANDED_FlattenFull/amplcpld prop_name=TYPE prop_terse=XDM_PROPERTY_STRING "TYPE" "amplcpld"

CS: block property: block_name=/amplcpld/EXPANDED_FlattenFull/amplcpld/M_L\/O_11\/X_ZERO prop_name=TYPE prop_terse=XDM_PROPERTY_STRING "TYPE" "FDCE"

CS: block property: block_name=/amplcpld/EXPANDED_FlattenFull/amplcpld prop_name=TYPE prop_terse=XDM_PROPERTY_STRING "TYPE" "amplcpld"

CS: block property: block_name=/amplcpld/EXPANDED_FlattenFull/amplcpld/M_L\/O_12\/Q prop_name=TYPE prop_terse=XDM_PROPERTY_STRING "TYPE" "FDCE"

CS: block property: block_name=/amplcpld/EXPANDED_FlattenFull/amplcpld prop_name=TYPE prop_terse=XDM_PROPERTY_STRING "TYPE" "amplcpld"

CS: block property: block_name=/amplcpld/EXPANDED_FlattenFull/amplcpld/M_L\/O_12\/X_ZERO prop_name=TYPE prop_terse=XDM_PROPERTY_STRING "TYPE" "FDCE"

CS: block property: block_name=/amplcpld/EXPANDED_FlattenFull/amplcpld prop_name=TYPE prop_terse=XDM_PROPERTY_STRING "TYPE" "amplcpld"

CS: block property: block_name=/amplcpld/EXPANDED_FlattenFull/amplcpld/c_count_and00001 prop_name=TYPE prop_terse=XDM_PROPERTY_STRING "TYPE" "INV"

CS: block property: block_name=/amplcpld/EXPANDED_FlattenFull/amplcpld prop_name=TYPE prop_terse=XDM_PROPERTY_STRING "TYPE" "amplcpld"

CS: block property: block_name=/amplcpld/EXPANDED_FlattenFull/amplcpld/c_count_and00002 prop_name=TYPE prop_terse=XDM_PROPERTY_STRING "TYPE" "AND2"

CS: block property: block_name=/amplcpld/EXPANDED_FlattenFull/amplcpld prop_name=TYPE prop_terse=XDM_PROPERTY_STRING "TYPE" "amplcpld"

CS: block property: block_name=/amplcpld/EXPANDED_FlattenFull/amplcpld/CL20_N_not00001 prop_name=TYPE prop_terse=XDM_PROPERTY_STRING "TYPE" "INV"

CS: block property: block_name=/amplcpld/EXPANDED_FlattenFull/amplcpld prop_name=TYPE prop_terse=XDM_PROPERTY_STRING "TYPE" "amplcpld"

CS: block property: block_name=/amplcpld/EXPANDED_FlattenFull/amplcpld/str_div_not00011 prop_name=TYPE prop_terse=XDM_PROPERTY_STRING "TYPE" "INV"

CS: block property: block_name=/amplcpld/EXPANDED_FlattenFull/amplcpld prop_name=TYPE prop_terse=XDM_PROPERTY_STRING "TYPE" "amplcpld"

CS: block property: block_name=/amplcpld/EXPANDED_FlattenFull/amplcpld/c_count_6__and00001 prop_name=TYPE prop_terse=XDM_PROPERTY_STRING "TYPE" "INV"

CS: block property: block_name=/amplcpld/EXPANDED_FlattenFull/amplcpld prop_name=TYPE prop_terse=XDM_PROPERTY_STRING "TYPE" "amplcpld"

CS: block property: block_name=/amplcpld/EXPANDED_FlattenFull/amplcpld/c_count_6__and00002 prop_name=TYPE prop_terse=XDM_PROPERTY_STRING "TYPE" "AND2"

CS: block property: block_name=/amplcpld/EXPANDED_FlattenFull/amplcpld prop_name=TYPE prop_terse=XDM_PROPERTY_STRING "TYPE" "amplcpld"

CS: block property: block_name=/amplcpld/EXPANDED_FlattenFull/amplcpld/c_count_5__and00001 prop_name=TYPE prop_terse=XDM_PROPERTY_STRING "TYPE" "INV"

CS: block property: block_name=/amplcpld/EXPANDED_FlattenFull/amplcpld prop_name=TYPE prop_terse=XDM_PROPERTY_STRING "TYPE" "amplcpld"

CS: block property: block_name=/amplcpld/EXPANDED_FlattenFull/amplcpld/c_count_5__and00002 prop_name=TYPE prop_terse=XDM_PROPERTY_STRING "TYPE" "AND2"

CS: block property: block_name=/amplcpld/EXPANDED_FlattenFull/amplcpld prop_name=TYPE prop_terse=XDM_PROPERTY_STRING "TYPE" "amplcpld"

CS: block property: block_name=/amplcpld/EXPANDED_FlattenFull/amplcpld/c_count_4__and00001 prop_name=TYPE prop_terse=XDM_PROPERTY_STRING "TYPE" "INV"

CS: block property: block_name=/amplcpld/EXPANDED_FlattenFull/amplcpld prop_name=TYPE prop_terse=XDM_PROPERTY_STRING "TYPE" "amplcpld"

CS: block property: block_name=/amplcpld/EXPANDED_FlattenFull/amplcpld/c_count_4__and00002 prop_name=TYPE prop_terse=XDM_PROPERTY_STRING "TYPE" "AND2"

CS: block property: block_name=/amplcpld/EXPANDED_FlattenFull/amplcpld prop_name=TYPE prop_terse=XDM_PROPERTY_STRING "TYPE" "amplcpld"

CS: block property: block_name=/amplcpld/EXPANDED_FlattenFull/amplcpld/c_count_3__and00001 prop_name=TYPE prop_terse=XDM_PROPERTY_STRING "TYPE" "INV"

CS: block property: block_name=/amplcpld/EXPANDED_FlattenFull/amplcpld prop_name=TYPE prop_terse=XDM_PROPERTY_STRING "TYPE" "amplcpld"

CS: block property: block_name=/amplcpld/EXPANDED_FlattenFull/amplcpld/c_count_3__and00002 prop_name=TYPE prop_terse=XDM_PROPERTY_STRING "TYPE" "AND2"

CS: block property: block_name=/amplcpld/EXPANDED_FlattenFull/amplcpld prop_name=TYPE prop_terse=XDM_PROPERTY_STRING "TYPE" "amplcpld"

CS: block property: block_name=/amplcpld/EXPANDED_FlattenFull/amplcpld/c_count_2__and00001 prop_name=TYPE prop_terse=XDM_PROPERTY_STRING "TYPE" "INV"

CS: block property: block_name=/amplcpld/EXPANDED_FlattenFull/amplcpld prop_name=TYPE prop_terse=XDM_PROPERTY_STRING "TYPE" "amplcpld"

CS: block property: block_name=/amplcpld/EXPANDED_FlattenFull/amplcpld/c_count_2__and00002 prop_name=TYPE prop_terse=XDM_PROPERTY_STRING "TYPE" "AND2"

CS: block property: block_name=/amplcpld/EXPANDED_FlattenFull/amplcpld prop_name=TYPE prop_terse=XDM_PROPERTY_STRING "TYPE" "amplcpld"

CS: block property: block_name=/amplcpld/EXPANDED_FlattenFull/amplcpld/c_count_1__and00001 prop_name=TYPE prop_terse=XDM_PROPERTY_STRING "TYPE" "INV"

CS: block property: block_name=/amplcpld/EXPANDED_FlattenFull/amplcpld prop_name=TYPE prop_terse=XDM_PROPERTY_STRING "TYPE" "amplcpld"

CS: block property: block_name=/amplcpld/EXPANDED_FlattenFull/amplcpld/c_count_1__and00002 prop_name=TYPE prop_terse=XDM_PROPERTY_STRING "TYPE" "AND2"

CS: block property: block_name=/amplcpld/EXPANDED_FlattenFull/amplcpld prop_name=TYPE prop_terse=XDM_PROPERTY_STRING "TYPE" "amplcpld"

CS: block property: block_name=/amplcpld/EXPANDED_FlattenFull/amplcpld/c_count_0__and00001 prop_name=TYPE prop_terse=XDM_PROPERTY_STRING "TYPE" "INV"

CS: block property: block_name=/amplcpld/EXPANDED_FlattenFull/amplcpld prop_name=TYPE prop_terse=XDM_PROPERTY_STRING "TYPE" "amplcpld"

CS: block property: block_name=/amplcpld/EXPANDED_FlattenFull/amplcpld/c_count_0__and00002 prop_name=TYPE prop_terse=XDM_PROPERTY_STRING "TYPE" "INV"

CS: block property: block_name=/amplcpld/EXPANDED_FlattenFull/amplcpld prop_name=TYPE prop_terse=XDM_PROPERTY_STRING "TYPE" "amplcpld"

CS: block property: block_name=/amplcpld/EXPANDED_FlattenFull/amplcpld/c_count_0__and00003 prop_name=TYPE prop_terse=XDM_PROPERTY_STRING "TYPE" "AND2"

CS: block property: block_name=/amplcpld/EXPANDED_FlattenFull/amplcpld prop_name=TYPE prop_terse=XDM_PROPERTY_STRING "TYPE" "amplcpld"

CS: block property: block_name=/amplcpld/EXPANDED_FlattenFull/amplcpld/c_count_Madd__add0000__and00001 prop_name=TYPE prop_terse=XDM_PROPERTY_STRING "TYPE" "AND2"

CS: block property: block_name=/amplcpld/EXPANDED_FlattenFull/amplcpld prop_name=TYPE prop_terse=XDM_PROPERTY_STRING "TYPE" "amplcpld"

CS: block property: block_name=/amplcpld/EXPANDED_FlattenFull/amplcpld/c_count_Madd__add0000__and00011 prop_name=TYPE prop_terse=XDM_PROPERTY_STRING "TYPE" "AND2"

CS: block property: block_name=/amplcpld/EXPANDED_FlattenFull/amplcpld prop_name=TYPE prop_terse=XDM_PROPERTY_STRING "TYPE" "amplcpld"

CS: block property: block_name=/amplcpld/EXPANDED_FlattenFull/amplcpld/c_count_Madd__add0000__and00021 prop_name=TYPE prop_terse=XDM_PROPERTY_STRING "TYPE" "AND2"

CS: block property: block_name=/amplcpld/EXPANDED_FlattenFull/amplcpld prop_name=TYPE prop_terse=XDM_PROPERTY_STRING "TYPE" "amplcpld"

CS: block property: block_name=/amplcpld/EXPANDED_FlattenFull/amplcpld/c_count_Madd__add0000__and00031 prop_name=TYPE prop_terse=XDM_PROPERTY_STRING "TYPE" "AND2"

CS: block property: block_name=/amplcpld/EXPANDED_FlattenFull/amplcpld prop_name=TYPE prop_terse=XDM_PROPERTY_STRING "TYPE" "amplcpld"

CS: block property: block_name=/amplcpld/EXPANDED_FlattenFull/amplcpld/c_count_Madd__add0000__and00041 prop_name=TYPE prop_terse=XDM_PROPERTY_STRING "TYPE" "AND2"

CS: block property: block_name=/amplcpld/EXPANDED_FlattenFull/amplcpld prop_name=TYPE prop_terse=XDM_PROPERTY_STRING "TYPE" "amplcpld"

CS: block property: block_name=/amplcpld/EXPANDED_FlattenFull/amplcpld/str_div_Clk_INV1 prop_name=TYPE prop_terse=XDM_PROPERTY_STRING "TYPE" "INV"

CS: block property: block_name=/amplcpld/EXPANDED_FlattenFull/amplcpld prop_name=TYPE prop_terse=XDM_PROPERTY_STRING "TYPE" "amplcpld"

CS: block property: block_name=/amplcpld/EXPANDED_FlattenFull/amplcpld/CN_1\/tmp_0_N01 prop_name=TYPE prop_terse=XDM_PROPERTY_STRING "TYPE" "INV"

CS: block property: block_name=/amplcpld/EXPANDED_FlattenFull/amplcpld prop_name=TYPE prop_terse=XDM_PROPERTY_STRING "TYPE" "amplcpld"

CS: block property: block_name=/amplcpld/EXPANDED_FlattenFull/amplcpld/CN_1\/tmp__add0000<0>1 prop_name=TYPE prop_terse=XDM_PROPERTY_STRING "TYPE" "INV"

CS: block property: block_name=/amplcpld/EXPANDED_FlattenFull/amplcpld prop_name=TYPE prop_terse=XDM_PROPERTY_STRING "TYPE" "amplcpld"

CS: block property: block_name=/amplcpld/EXPANDED_FlattenFull/amplcpld/EVOUT_cmp_eq00001 prop_name=TYPE prop_terse=XDM_PROPERTY_STRING "TYPE" "AND7"

CS: block property: block_name=/amplcpld/EXPANDED_FlattenFull/amplcpld prop_name=TYPE prop_terse=XDM_PROPERTY_STRING "TYPE" "amplcpld"

CS: block property: block_name=/amplcpld/EXPANDED_FlattenFull/amplcpld/dly_0_or00001 prop_name=TYPE prop_terse=XDM_PROPERTY_STRING "TYPE" "AND2"

CS: block property: block_name=/amplcpld/EXPANDED_FlattenFull/amplcpld prop_name=TYPE prop_terse=XDM_PROPERTY_STRING "TYPE" "amplcpld"

CS: block property: block_name=/amplcpld/EXPANDED_FlattenFull/amplcpld/dly_0_or00002 prop_name=TYPE prop_terse=XDM_PROPERTY_STRING "TYPE" "OR2"

CS: block property: block_name=/amplcpld/EXPANDED_FlattenFull/amplcpld prop_name=TYPE prop_terse=XDM_PROPERTY_STRING "TYPE" "amplcpld"

CS: block property: block_name=/amplcpld/EXPANDED_FlattenFull/amplcpld/cal_str__or00011 prop_name=TYPE prop_terse=XDM_PROPERTY_STRING "TYPE" "AND2"

CS: block property: block_name=/amplcpld/EXPANDED_FlattenFull/amplcpld prop_name=TYPE prop_terse=XDM_PROPERTY_STRING "TYPE" "amplcpld"

CS: block property: block_name=/amplcpld/EXPANDED_FlattenFull/amplcpld/cal_str__or00012 prop_name=TYPE prop_terse=XDM_PROPERTY_STRING "TYPE" "OR2"

CS: block property: block_name=/amplcpld/EXPANDED_FlattenFull/amplcpld prop_name=TYPE prop_terse=XDM_PROPERTY_STRING "TYPE" "amplcpld"

CS: block property: block_name=/amplcpld/EXPANDED_FlattenFull/amplcpld/EVOUT__or00001 prop_name=TYPE prop_terse=XDM_PROPERTY_STRING "TYPE" "AND2"

CS: block property: block_name=/amplcpld/EXPANDED_FlattenFull/amplcpld prop_name=TYPE prop_terse=XDM_PROPERTY_STRING "TYPE" "amplcpld"

CS: block property: block_name=/amplcpld/EXPANDED_FlattenFull/amplcpld/EVOUT__or00002 prop_name=TYPE prop_terse=XDM_PROPERTY_STRING "TYPE" "INV"

CS: block property: block_name=/amplcpld/EXPANDED_FlattenFull/amplcpld prop_name=TYPE prop_terse=XDM_PROPERTY_STRING "TYPE" "amplcpld"

CS: block property: block_name=/amplcpld/EXPANDED_FlattenFull/amplcpld/EVOUT__or00003 prop_name=TYPE prop_terse=XDM_PROPERTY_STRING "TYPE" "OR2"

CS: block property: block_name=/amplcpld/EXPANDED_FlattenFull/amplcpld prop_name=TYPE prop_terse=XDM_PROPERTY_STRING "TYPE" "amplcpld"

CS: block property: block_name=/amplcpld/EXPANDED_FlattenFull/amplcpld/c_count_0__or00001 prop_name=TYPE prop_terse=XDM_PROPERTY_STRING "TYPE" "INV"

CS: block property: block_name=/amplcpld/EXPANDED_FlattenFull/amplcpld prop_name=TYPE prop_terse=XDM_PROPERTY_STRING "TYPE" "amplcpld"

CS: block property: block_name=/amplcpld/EXPANDED_FlattenFull/amplcpld/c_count_0__or00002 prop_name=TYPE prop_terse=XDM_PROPERTY_STRING "TYPE" "AND2"

CS: block property: block_name=/amplcpld/EXPANDED_FlattenFull/amplcpld prop_name=TYPE prop_terse=XDM_PROPERTY_STRING "TYPE" "amplcpld"

CS: block property: block_name=/amplcpld/EXPANDED_FlattenFull/amplcpld/c_count_0__or00003 prop_name=TYPE prop_terse=XDM_PROPERTY_STRING "TYPE" "OR2"

CS: block property: block_name=/amplcpld/EXPANDED_FlattenFull/amplcpld prop_name=TYPE prop_terse=XDM_PROPERTY_STRING "TYPE" "amplcpld"

CS: block property: block_name=/amplcpld/EXPANDED_FlattenFull/amplcpld/M_L\/O_mux0001<0>1 prop_name=TYPE prop_terse=XDM_PROPERTY_STRING "TYPE" "AND2"

CS: block property: block_name=/amplcpld/EXPANDED_FlattenFull/amplcpld prop_name=TYPE prop_terse=XDM_PROPERTY_STRING "TYPE" "amplcpld"

CS: block property: block_name=/amplcpld/EXPANDED_FlattenFull/amplcpld/M_L\/O_mux0001<0>2 prop_name=TYPE prop_terse=XDM_PROPERTY_STRING "TYPE" "INV"

CS: block property: block_name=/amplcpld/EXPANDED_FlattenFull/amplcpld prop_name=TYPE prop_terse=XDM_PROPERTY_STRING "TYPE" "amplcpld"

CS: block property: block_name=/amplcpld/EXPANDED_FlattenFull/amplcpld/M_L\/O_mux0001<0>3 prop_name=TYPE prop_terse=XDM_PROPERTY_STRING "TYPE" "AND2"

CS: block property: block_name=/amplcpld/EXPANDED_FlattenFull/amplcpld prop_name=TYPE prop_terse=XDM_PROPERTY_STRING "TYPE" "amplcpld"

CS: block property: block_name=/amplcpld/EXPANDED_FlattenFull/amplcpld/M_L\/O_mux0001<0>4 prop_name=TYPE prop_terse=XDM_PROPERTY_STRING "TYPE" "OR2"

CS: block property: block_name=/amplcpld/EXPANDED_FlattenFull/amplcpld prop_name=TYPE prop_terse=XDM_PROPERTY_STRING "TYPE" "amplcpld"

CS: block property: block_name=/amplcpld/EXPANDED_FlattenFull/amplcpld/M_L\/O_mux0001<1>1 prop_name=TYPE prop_terse=XDM_PROPERTY_STRING "TYPE" "AND2"

CS: block property: block_name=/amplcpld/EXPANDED_FlattenFull/amplcpld prop_name=TYPE prop_terse=XDM_PROPERTY_STRING "TYPE" "amplcpld"

CS: block property: block_name=/amplcpld/EXPANDED_FlattenFull/amplcpld/M_L\/O_mux0001<1>2 prop_name=TYPE prop_terse=XDM_PROPERTY_STRING "TYPE" "INV"

CS: block property: block_name=/amplcpld/EXPANDED_FlattenFull/amplcpld prop_name=TYPE prop_terse=XDM_PROPERTY_STRING "TYPE" "amplcpld"

CS: block property: block_name=/amplcpld/EXPANDED_FlattenFull/amplcpld/M_L\/O_mux0001<1>3 prop_name=TYPE prop_terse=XDM_PROPERTY_STRING "TYPE" "AND2"

CS: block property: block_name=/amplcpld/EXPANDED_FlattenFull/amplcpld prop_name=TYPE prop_terse=XDM_PROPERTY_STRING "TYPE" "amplcpld"

CS: block property: block_name=/amplcpld/EXPANDED_FlattenFull/amplcpld/M_L\/O_mux0001<1>4 prop_name=TYPE prop_terse=XDM_PROPERTY_STRING "TYPE" "OR2"

CS: block property: block_name=/amplcpld/EXPANDED_FlattenFull/amplcpld prop_name=TYPE prop_terse=XDM_PROPERTY_STRING "TYPE" "amplcpld"

CS: block property: block_name=/amplcpld/EXPANDED_FlattenFull/amplcpld/M_L\/O_mux0001<2>1 prop_name=TYPE prop_terse=XDM_PROPERTY_STRING "TYPE" "AND2"

CS: block property: block_name=/amplcpld/EXPANDED_FlattenFull/amplcpld prop_name=TYPE prop_terse=XDM_PROPERTY_STRING "TYPE" "amplcpld"

CS: block property: block_name=/amplcpld/EXPANDED_FlattenFull/amplcpld/M_L\/O_mux0001<2>2 prop_name=TYPE prop_terse=XDM_PROPERTY_STRING "TYPE" "INV"

CS: block property: block_name=/amplcpld/EXPANDED_FlattenFull/amplcpld prop_name=TYPE prop_terse=XDM_PROPERTY_STRING "TYPE" "amplcpld"

CS: block property: block_name=/amplcpld/EXPANDED_FlattenFull/amplcpld/M_L\/O_mux0001<2>3 prop_name=TYPE prop_terse=XDM_PROPERTY_STRING "TYPE" "AND2"

CS: block property: block_name=/amplcpld/EXPANDED_FlattenFull/amplcpld prop_name=TYPE prop_terse=XDM_PROPERTY_STRING "TYPE" "amplcpld"

CS: block property: block_name=/amplcpld/EXPANDED_FlattenFull/amplcpld/M_L\/O_mux0001<2>4 prop_name=TYPE prop_terse=XDM_PROPERTY_STRING "TYPE" "OR2"

CS: block property: block_name=/amplcpld/EXPANDED_FlattenFull/amplcpld prop_name=TYPE prop_terse=XDM_PROPERTY_STRING "TYPE" "amplcpld"

CS: block property: block_name=/amplcpld/EXPANDED_FlattenFull/amplcpld/M_L\/O_mux0001<3>1 prop_name=TYPE prop_terse=XDM_PROPERTY_STRING "TYPE" "AND2"

CS: block property: block_name=/amplcpld/EXPANDED_FlattenFull/amplcpld prop_name=TYPE prop_terse=XDM_PROPERTY_STRING "TYPE" "amplcpld"

CS: block property: block_name=/amplcpld/EXPANDED_FlattenFull/amplcpld/M_L\/O_mux0001<3>2 prop_name=TYPE prop_terse=XDM_PROPERTY_STRING "TYPE" "INV"

CS: block property: block_name=/amplcpld/EXPANDED_FlattenFull/amplcpld prop_name=TYPE prop_terse=XDM_PROPERTY_STRING "TYPE" "amplcpld"

CS: block property: block_name=/amplcpld/EXPANDED_FlattenFull/amplcpld/M_L\/O_mux0001<3>3 prop_name=TYPE prop_terse=XDM_PROPERTY_STRING "TYPE" "AND2"

CS: block property: block_name=/amplcpld/EXPANDED_FlattenFull/amplcpld prop_name=TYPE prop_terse=XDM_PROPERTY_STRING "TYPE" "amplcpld"

CS: block property: block_name=/amplcpld/EXPANDED_FlattenFull/amplcpld/M_L\/O_mux0001<3>4 prop_name=TYPE prop_terse=XDM_PROPERTY_STRING "TYPE" "OR2"

CS: block property: block_name=/amplcpld/EXPANDED_FlattenFull/amplcpld prop_name=TYPE prop_terse=XDM_PROPERTY_STRING "TYPE" "amplcpld"

CS: block property: block_name=/amplcpld/EXPANDED_FlattenFull/amplcpld/M_L\/O_mux0001<4>1 prop_name=TYPE prop_terse=XDM_PROPERTY_STRING "TYPE" "AND2"

CS: block property: block_name=/amplcpld/EXPANDED_FlattenFull/amplcpld prop_name=TYPE prop_terse=XDM_PROPERTY_STRING "TYPE" "amplcpld"

CS: block property: block_name=/amplcpld/EXPANDED_FlattenFull/amplcpld/M_L\/O_mux0001<4>2 prop_name=TYPE prop_terse=XDM_PROPERTY_STRING "TYPE" "INV"

CS: block property: block_name=/amplcpld/EXPANDED_FlattenFull/amplcpld prop_name=TYPE prop_terse=XDM_PROPERTY_STRING "TYPE" "amplcpld"

CS: block property: block_name=/amplcpld/EXPANDED_FlattenFull/amplcpld/M_L\/O_mux0001<4>3 prop_name=TYPE prop_terse=XDM_PROPERTY_STRING "TYPE" "AND2"

CS: block property: block_name=/amplcpld/EXPANDED_FlattenFull/amplcpld prop_name=TYPE prop_terse=XDM_PROPERTY_STRING "TYPE" "amplcpld"

CS: block property: block_name=/amplcpld/EXPANDED_FlattenFull/amplcpld/M_L\/O_mux0001<4>4 prop_name=TYPE prop_terse=XDM_PROPERTY_STRING "TYPE" "OR2"

CS: block property: block_name=/amplcpld/EXPANDED_FlattenFull/amplcpld prop_name=TYPE prop_terse=XDM_PROPERTY_STRING "TYPE" "amplcpld"

CS: block property: block_name=/amplcpld/EXPANDED_FlattenFull/amplcpld/M_L\/O_mux0001<5>1 prop_name=TYPE prop_terse=XDM_PROPERTY_STRING "TYPE" "AND2"

CS: block property: block_name=/amplcpld/EXPANDED_FlattenFull/amplcpld prop_name=TYPE prop_terse=XDM_PROPERTY_STRING "TYPE" "amplcpld"

CS: block property: block_name=/amplcpld/EXPANDED_FlattenFull/amplcpld/M_L\/O_mux0001<5>2 prop_name=TYPE prop_terse=XDM_PROPERTY_STRING "TYPE" "INV"

CS: block property: block_name=/amplcpld/EXPANDED_FlattenFull/amplcpld prop_name=TYPE prop_terse=XDM_PROPERTY_STRING "TYPE" "amplcpld"

CS: block property: block_name=/amplcpld/EXPANDED_FlattenFull/amplcpld/M_L\/O_mux0001<5>3 prop_name=TYPE prop_terse=XDM_PROPERTY_STRING "TYPE" "AND2"

CS: block property: block_name=/amplcpld/EXPANDED_FlattenFull/amplcpld prop_name=TYPE prop_terse=XDM_PROPERTY_STRING "TYPE" "amplcpld"

CS: block property: block_name=/amplcpld/EXPANDED_FlattenFull/amplcpld/M_L\/O_mux0001<5>4 prop_name=TYPE prop_terse=XDM_PROPERTY_STRING "TYPE" "OR2"

CS: block property: block_name=/amplcpld/EXPANDED_FlattenFull/amplcpld prop_name=TYPE prop_terse=XDM_PROPERTY_STRING "TYPE" "amplcpld"

CS: block property: block_name=/amplcpld/EXPANDED_FlattenFull/amplcpld/M_L\/O_mux0001<6>1 prop_name=TYPE prop_terse=XDM_PROPERTY_STRING "TYPE" "AND2"

CS: block property: block_name=/amplcpld/EXPANDED_FlattenFull/amplcpld prop_name=TYPE prop_terse=XDM_PROPERTY_STRING "TYPE" "amplcpld"

CS: block property: block_name=/amplcpld/EXPANDED_FlattenFull/amplcpld/M_L\/O_mux0001<6>2 prop_name=TYPE prop_terse=XDM_PROPERTY_STRING "TYPE" "INV"

CS: block property: block_name=/amplcpld/EXPANDED_FlattenFull/amplcpld prop_name=TYPE prop_terse=XDM_PROPERTY_STRING "TYPE" "amplcpld"

CS: block property: block_name=/amplcpld/EXPANDED_FlattenFull/amplcpld/M_L\/O_mux0001<6>3 prop_name=TYPE prop_terse=XDM_PROPERTY_STRING "TYPE" "AND2"

CS: block property: block_name=/amplcpld/EXPANDED_FlattenFull/amplcpld prop_name=TYPE prop_terse=XDM_PROPERTY_STRING "TYPE" "amplcpld"

CS: block property: block_name=/amplcpld/EXPANDED_FlattenFull/amplcpld/M_L\/O_mux0001<6>4 prop_name=TYPE prop_terse=XDM_PROPERTY_STRING "TYPE" "OR2"

CS: block property: block_name=/amplcpld/EXPANDED_FlattenFull/amplcpld prop_name=TYPE prop_terse=XDM_PROPERTY_STRING "TYPE" "amplcpld"

CS: block property: block_name=/amplcpld/EXPANDED_FlattenFull/amplcpld/M_L\/O_mux0001<7>1 prop_name=TYPE prop_terse=XDM_PROPERTY_STRING "TYPE" "AND2"

CS: block property: block_name=/amplcpld/EXPANDED_FlattenFull/amplcpld prop_name=TYPE prop_terse=XDM_PROPERTY_STRING "TYPE" "amplcpld"

CS: block property: block_name=/amplcpld/EXPANDED_FlattenFull/amplcpld/M_L\/O_mux0001<7>2 prop_name=TYPE prop_terse=XDM_PROPERTY_STRING "TYPE" "INV"

CS: block property: block_name=/amplcpld/EXPANDED_FlattenFull/amplcpld prop_name=TYPE prop_terse=XDM_PROPERTY_STRING "TYPE" "amplcpld"

CS: block property: block_name=/amplcpld/EXPANDED_FlattenFull/amplcpld/M_L\/O_mux0001<7>3 prop_name=TYPE prop_terse=XDM_PROPERTY_STRING "TYPE" "AND2"

CS: block property: block_name=/amplcpld/EXPANDED_FlattenFull/amplcpld prop_name=TYPE prop_terse=XDM_PROPERTY_STRING "TYPE" "amplcpld"

CS: block property: block_name=/amplcpld/EXPANDED_FlattenFull/amplcpld/M_L\/O_mux0001<7>4 prop_name=TYPE prop_terse=XDM_PROPERTY_STRING "TYPE" "OR2"

CS: block property: block_name=/amplcpld/EXPANDED_FlattenFull/amplcpld prop_name=TYPE prop_terse=XDM_PROPERTY_STRING "TYPE" "amplcpld"

CS: block property: block_name=/amplcpld/EXPANDED_FlattenFull/amplcpld/M_L\/O_mux0001<8>1 prop_name=TYPE prop_terse=XDM_PROPERTY_STRING "TYPE" "AND2"

CS: block property: block_name=/amplcpld/EXPANDED_FlattenFull/amplcpld prop_name=TYPE prop_terse=XDM_PROPERTY_STRING "TYPE" "amplcpld"

CS: block property: block_name=/amplcpld/EXPANDED_FlattenFull/amplcpld/M_L\/O_mux0001<8>2 prop_name=TYPE prop_terse=XDM_PROPERTY_STRING "TYPE" "INV"

CS: block property: block_name=/amplcpld/EXPANDED_FlattenFull/amplcpld prop_name=TYPE prop_terse=XDM_PROPERTY_STRING "TYPE" "amplcpld"

CS: block property: block_name=/amplcpld/EXPANDED_FlattenFull/amplcpld/M_L\/O_mux0001<8>3 prop_name=TYPE prop_terse=XDM_PROPERTY_STRING "TYPE" "AND2"

CS: block property: block_name=/amplcpld/EXPANDED_FlattenFull/amplcpld prop_name=TYPE prop_terse=XDM_PROPERTY_STRING "TYPE" "amplcpld"

CS: block property: block_name=/amplcpld/EXPANDED_FlattenFull/amplcpld/M_L\/O_mux0001<8>4 prop_name=TYPE prop_terse=XDM_PROPERTY_STRING "TYPE" "OR2"

CS: block property: block_name=/amplcpld/EXPANDED_FlattenFull/amplcpld prop_name=TYPE prop_terse=XDM_PROPERTY_STRING "TYPE" "amplcpld"

CS: block property: block_name=/amplcpld/EXPANDED_FlattenFull/amplcpld/M_L\/O_mux0001<9>1 prop_name=TYPE prop_terse=XDM_PROPERTY_STRING "TYPE" "AND2"

CS: block property: block_name=/amplcpld/EXPANDED_FlattenFull/amplcpld prop_name=TYPE prop_terse=XDM_PROPERTY_STRING "TYPE" "amplcpld"

CS: block property: block_name=/amplcpld/EXPANDED_FlattenFull/amplcpld/M_L\/O_mux0001<9>2 prop_name=TYPE prop_terse=XDM_PROPERTY_STRING "TYPE" "INV"

CS: block property: block_name=/amplcpld/EXPANDED_FlattenFull/amplcpld prop_name=TYPE prop_terse=XDM_PROPERTY_STRING "TYPE" "amplcpld"

CS: block property: block_name=/amplcpld/EXPANDED_FlattenFull/amplcpld/M_L\/O_mux0001<9>3 prop_name=TYPE prop_terse=XDM_PROPERTY_STRING "TYPE" "AND2"

CS: block property: block_name=/amplcpld/EXPANDED_FlattenFull/amplcpld prop_name=TYPE prop_terse=XDM_PROPERTY_STRING "TYPE" "amplcpld"

CS: block property: block_name=/amplcpld/EXPANDED_FlattenFull/amplcpld/M_L\/O_mux0001<9>4 prop_name=TYPE prop_terse=XDM_PROPERTY_STRING "TYPE" "OR2"

CS: block property: block_name=/amplcpld/EXPANDED_FlattenFull/amplcpld prop_name=TYPE prop_terse=XDM_PROPERTY_STRING "TYPE" "amplcpld"

CS: block property: block_name=/amplcpld/EXPANDED_FlattenFull/amplcpld/M_L\/O_mux0001<10>1 prop_name=TYPE prop_terse=XDM_PROPERTY_STRING "TYPE" "AND2"

CS: block property: block_name=/amplcpld/EXPANDED_FlattenFull/amplcpld prop_name=TYPE prop_terse=XDM_PROPERTY_STRING "TYPE" "amplcpld"

CS: block property: block_name=/amplcpld/EXPANDED_FlattenFull/amplcpld/M_L\/O_mux0001<10>2 prop_name=TYPE prop_terse=XDM_PROPERTY_STRING "TYPE" "INV"

CS: block property: block_name=/amplcpld/EXPANDED_FlattenFull/amplcpld prop_name=TYPE prop_terse=XDM_PROPERTY_STRING "TYPE" "amplcpld"

CS: block property: block_name=/amplcpld/EXPANDED_FlattenFull/amplcpld/M_L\/O_mux0001<10>3 prop_name=TYPE prop_terse=XDM_PROPERTY_STRING "TYPE" "AND2"

CS: block property: block_name=/amplcpld/EXPANDED_FlattenFull/amplcpld prop_name=TYPE prop_terse=XDM_PROPERTY_STRING "TYPE" "amplcpld"

CS: block property: block_name=/amplcpld/EXPANDED_FlattenFull/amplcpld/M_L\/O_mux0001<10>4 prop_name=TYPE prop_terse=XDM_PROPERTY_STRING "TYPE" "OR2"

CS: block property: block_name=/amplcpld/EXPANDED_FlattenFull/amplcpld prop_name=TYPE prop_terse=XDM_PROPERTY_STRING "TYPE" "amplcpld"

CS: block property: block_name=/amplcpld/EXPANDED_FlattenFull/amplcpld/M_L\/O_mux0001<11>1 prop_name=TYPE prop_terse=XDM_PROPERTY_STRING "TYPE" "AND2"

CS: block property: block_name=/amplcpld/EXPANDED_FlattenFull/amplcpld prop_name=TYPE prop_terse=XDM_PROPERTY_STRING "TYPE" "amplcpld"

CS: block property: block_name=/amplcpld/EXPANDED_FlattenFull/amplcpld/M_L\/O_mux0001<11>2 prop_name=TYPE prop_terse=XDM_PROPERTY_STRING "TYPE" "INV"

CS: block property: block_name=/amplcpld/EXPANDED_FlattenFull/amplcpld prop_name=TYPE prop_terse=XDM_PROPERTY_STRING "TYPE" "amplcpld"

CS: block property: block_name=/amplcpld/EXPANDED_FlattenFull/amplcpld/M_L\/O_mux0001<11>3 prop_name=TYPE prop_terse=XDM_PROPERTY_STRING "TYPE" "AND2"

CS: block property: block_name=/amplcpld/EXPANDED_FlattenFull/amplcpld prop_name=TYPE prop_terse=XDM_PROPERTY_STRING "TYPE" "amplcpld"

CS: block property: block_name=/amplcpld/EXPANDED_FlattenFull/amplcpld/M_L\/O_mux0001<11>4 prop_name=TYPE prop_terse=XDM_PROPERTY_STRING "TYPE" "OR2"

CS: block property: block_name=/amplcpld/EXPANDED_FlattenFull/amplcpld prop_name=TYPE prop_terse=XDM_PROPERTY_STRING "TYPE" "amplcpld"

CS: block property: block_name=/amplcpld/EXPANDED_FlattenFull/amplcpld/M_L\/O_mux0001<12>1 prop_name=TYPE prop_terse=XDM_PROPERTY_STRING "TYPE" "INV"

CS: block property: block_name=/amplcpld/EXPANDED_FlattenFull/amplcpld prop_name=TYPE prop_terse=XDM_PROPERTY_STRING "TYPE" "amplcpld"

CS: block property: block_name=/amplcpld/EXPANDED_FlattenFull/amplcpld/ADC0<0> prop_name=LOC prop_terse=XDM_PROPERTY_STRING "LOC" "P35"

CS: block property: block_name=/amplcpld/EXPANDED_FlattenFull/amplcpld prop_name=TYPE prop_terse=XDM_PROPERTY_STRING "TYPE" "amplcpld"

CS: block property: block_name=/amplcpld/EXPANDED_FlattenFull/amplcpld/ADC0<10> prop_name=LOC prop_terse=XDM_PROPERTY_STRING "LOC" "P19"

CS: block property: block_name=/amplcpld/EXPANDED_FlattenFull/amplcpld prop_name=TYPE prop_terse=XDM_PROPERTY_STRING "TYPE" "amplcpld"

CS: block property: block_name=/amplcpld/EXPANDED_FlattenFull/amplcpld/ADC0<11> prop_name=LOC prop_terse=XDM_PROPERTY_STRING "LOC" "P18"

CS: block property: block_name=/amplcpld/EXPANDED_FlattenFull/amplcpld prop_name=TYPE prop_terse=XDM_PROPERTY_STRING "TYPE" "amplcpld"

CS: block property: block_name=/amplcpld/EXPANDED_FlattenFull/amplcpld/ADC0<1> prop_name=LOC prop_terse=XDM_PROPERTY_STRING "LOC" "P34"

CS: block property: block_name=/amplcpld/EXPANDED_FlattenFull/amplcpld prop_name=TYPE prop_terse=XDM_PROPERTY_STRING "TYPE" "amplcpld"

CS: block property: block_name=/amplcpld/EXPANDED_FlattenFull/amplcpld/ADC0<2> prop_name=LOC prop_terse=XDM_PROPERTY_STRING "LOC" "P33"

CS: block property: block_name=/amplcpld/EXPANDED_FlattenFull/amplcpld prop_name=TYPE prop_terse=XDM_PROPERTY_STRING "TYPE" "amplcpld"

CS: block property: block_name=/amplcpld/EXPANDED_FlattenFull/amplcpld/ADC0<3> prop_name=LOC prop_terse=XDM_PROPERTY_STRING "LOC" "P32"

CS: block property: block_name=/amplcpld/EXPANDED_FlattenFull/amplcpld prop_name=TYPE prop_terse=XDM_PROPERTY_STRING "TYPE" "amplcpld"

CS: block property: block_name=/amplcpld/EXPANDED_FlattenFull/amplcpld/ADC0<4> prop_name=LOC prop_terse=XDM_PROPERTY_STRING "LOC" "P30"

CS: block property: block_name=/amplcpld/EXPANDED_FlattenFull/amplcpld prop_name=TYPE prop_terse=XDM_PROPERTY_STRING "TYPE" "amplcpld"

CS: block property: block_name=/amplcpld/EXPANDED_FlattenFull/amplcpld/ADC0<5> prop_name=LOC prop_terse=XDM_PROPERTY_STRING "LOC" "P29"

CS: block property: block_name=/amplcpld/EXPANDED_FlattenFull/amplcpld prop_name=TYPE prop_terse=XDM_PROPERTY_STRING "TYPE" "amplcpld"

CS: block property: block_name=/amplcpld/EXPANDED_FlattenFull/amplcpld/ADC0<6> prop_name=LOC prop_terse=XDM_PROPERTY_STRING "LOC" "P28"

CS: block property: block_name=/amplcpld/EXPANDED_FlattenFull/amplcpld prop_name=TYPE prop_terse=XDM_PROPERTY_STRING "TYPE" "amplcpld"

CS: block property: block_name=/amplcpld/EXPANDED_FlattenFull/amplcpld/ADC0<7> prop_name=LOC prop_terse=XDM_PROPERTY_STRING "LOC" "P23"

CS: block property: block_name=/amplcpld/EXPANDED_FlattenFull/amplcpld prop_name=TYPE prop_terse=XDM_PROPERTY_STRING "TYPE" "amplcpld"

CS: block property: block_name=/amplcpld/EXPANDED_FlattenFull/amplcpld/ADC0<8> prop_name=LOC prop_terse=XDM_PROPERTY_STRING "LOC" "P24"

CS: block property: block_name=/amplcpld/EXPANDED_FlattenFull/amplcpld prop_name=TYPE prop_terse=XDM_PROPERTY_STRING "TYPE" "amplcpld"

CS: block property: block_name=/amplcpld/EXPANDED_FlattenFull/amplcpld/ADC0<9> prop_name=LOC prop_terse=XDM_PROPERTY_STRING "LOC" "P22"

CS: block property: block_name=/amplcpld/EXPANDED_FlattenFull/amplcpld prop_name=TYPE prop_terse=XDM_PROPERTY_STRING "TYPE" "amplcpld"

CS: block property: block_name=/amplcpld/EXPANDED_FlattenFull/amplcpld/ADC1<0> prop_name=LOC prop_terse=XDM_PROPERTY_STRING "LOC" "P52"

CS: block property: block_name=/amplcpld/EXPANDED_FlattenFull/amplcpld prop_name=TYPE prop_terse=XDM_PROPERTY_STRING "TYPE" "amplcpld"

CS: block property: block_name=/amplcpld/EXPANDED_FlattenFull/amplcpld/ADC1<10> prop_name=LOC prop_terse=XDM_PROPERTY_STRING "LOC" "P37"

CS: block property: block_name=/amplcpld/EXPANDED_FlattenFull/amplcpld prop_name=TYPE prop_terse=XDM_PROPERTY_STRING "TYPE" "amplcpld"

CS: block property: block_name=/amplcpld/EXPANDED_FlattenFull/amplcpld/ADC1<11> prop_name=LOC prop_terse=XDM_PROPERTY_STRING "LOC" "P36"

CS: block property: block_name=/amplcpld/EXPANDED_FlattenFull/amplcpld prop_name=TYPE prop_terse=XDM_PROPERTY_STRING "TYPE" "amplcpld"

CS: block property: block_name=/amplcpld/EXPANDED_FlattenFull/amplcpld/ADC1<1> prop_name=LOC prop_terse=XDM_PROPERTY_STRING "LOC" "P50"

CS: block property: block_name=/amplcpld/EXPANDED_FlattenFull/amplcpld prop_name=TYPE prop_terse=XDM_PROPERTY_STRING "TYPE" "amplcpld"

CS: block property: block_name=/amplcpld/EXPANDED_FlattenFull/amplcpld/ADC1<2> prop_name=LOC prop_terse=XDM_PROPERTY_STRING "LOC" "P49"

CS: block property: block_name=/amplcpld/EXPANDED_FlattenFull/amplcpld prop_name=TYPE prop_terse=XDM_PROPERTY_STRING "TYPE" "amplcpld"

CS: block property: block_name=/amplcpld/EXPANDED_FlattenFull/amplcpld/ADC1<3> prop_name=LOC prop_terse=XDM_PROPERTY_STRING "LOC" "P46"

CS: block property: block_name=/amplcpld/EXPANDED_FlattenFull/amplcpld prop_name=TYPE prop_terse=XDM_PROPERTY_STRING "TYPE" "amplcpld"

CS: block property: block_name=/amplcpld/EXPANDED_FlattenFull/amplcpld/ADC1<4> prop_name=LOC prop_terse=XDM_PROPERTY_STRING "LOC" "P44"

CS: block property: block_name=/amplcpld/EXPANDED_FlattenFull/amplcpld prop_name=TYPE prop_terse=XDM_PROPERTY_STRING "TYPE" "amplcpld"

CS: block property: block_name=/amplcpld/EXPANDED_FlattenFull/amplcpld/ADC1<5> prop_name=LOC prop_terse=XDM_PROPERTY_STRING "LOC" "P43"

CS: block property: block_name=/amplcpld/EXPANDED_FlattenFull/amplcpld prop_name=TYPE prop_terse=XDM_PROPERTY_STRING "TYPE" "amplcpld"

CS: block property: block_name=/amplcpld/EXPANDED_FlattenFull/amplcpld/ADC1<6> prop_name=LOC prop_terse=XDM_PROPERTY_STRING "LOC" "P42"

CS: block property: block_name=/amplcpld/EXPANDED_FlattenFull/amplcpld prop_name=TYPE prop_terse=XDM_PROPERTY_STRING "TYPE" "amplcpld"

CS: block property: block_name=/amplcpld/EXPANDED_FlattenFull/amplcpld/ADC1<7> prop_name=LOC prop_terse=XDM_PROPERTY_STRING "LOC" "P41"

CS: block property: block_name=/amplcpld/EXPANDED_FlattenFull/amplcpld prop_name=TYPE prop_terse=XDM_PROPERTY_STRING "TYPE" "amplcpld"

CS: block property: block_name=/amplcpld/EXPANDED_FlattenFull/amplcpld/ADC1<8> prop_name=LOC prop_terse=XDM_PROPERTY_STRING "LOC" "P40"

CS: block property: block_name=/amplcpld/EXPANDED_FlattenFull/amplcpld prop_name=TYPE prop_terse=XDM_PROPERTY_STRING "TYPE" "amplcpld"

CS: block property: block_name=/amplcpld/EXPANDED_FlattenFull/amplcpld/ADC1<9> prop_name=LOC prop_terse=XDM_PROPERTY_STRING "LOC" "P39"

CS: block property: block_name=/amplcpld/EXPANDED_FlattenFull/amplcpld prop_name=TYPE prop_terse=XDM_PROPERTY_STRING "TYPE" "amplcpld"

CS: block property: block_name=/amplcpld/EXPANDED_FlattenFull/amplcpld/CLK20_N prop_name=LOC prop_terse=XDM_PROPERTY_STRING "LOC" "P54"

CS: block property: block_name=/amplcpld/EXPANDED_FlattenFull/amplcpld prop_name=TYPE prop_terse=XDM_PROPERTY_STRING "TYPE" "amplcpld"

CS: block property: block_name=/amplcpld/EXPANDED_FlattenFull/amplcpld/CLK20_P prop_name=LOC prop_terse=XDM_PROPERTY_STRING "LOC" "P53"

CS: block property: block_name=/amplcpld/EXPANDED_FlattenFull/amplcpld prop_name=TYPE prop_terse=XDM_PROPERTY_STRING "TYPE" "amplcpld"

CS: block property: block_name=/amplcpld/EXPANDED_FlattenFull/amplcpld/CLK40 prop_name=LOC prop_terse=XDM_PROPERTY_STRING "LOC" "P81"

CS: block property: block_name=/amplcpld/EXPANDED_FlattenFull/amplcpld prop_name=TYPE prop_terse=XDM_PROPERTY_STRING "TYPE" "amplcpld"

CS: block property: block_name=/amplcpld/EXPANDED_FlattenFull/amplcpld/CLK80 prop_name=LOC prop_terse=XDM_PROPERTY_STRING "LOC" "P27"

CS: block property: block_name=/amplcpld/EXPANDED_FlattenFull/amplcpld prop_name=TYPE prop_terse=XDM_PROPERTY_STRING "TYPE" "amplcpld"

CS: block property: block_name=/amplcpld/EXPANDED_FlattenFull/amplcpld/DOUT<0> prop_name=LOC prop_terse=XDM_PROPERTY_STRING "LOC" "P99"

CS: block property: block_name=/amplcpld/EXPANDED_FlattenFull/amplcpld prop_name=TYPE prop_terse=XDM_PROPERTY_STRING "TYPE" "amplcpld"

CS: block property: block_name=/amplcpld/EXPANDED_FlattenFull/amplcpld/DOUT<10> prop_name=LOC prop_terse=XDM_PROPERTY_STRING "LOC" "P87"

CS: block property: block_name=/amplcpld/EXPANDED_FlattenFull/amplcpld prop_name=TYPE prop_terse=XDM_PROPERTY_STRING "TYPE" "amplcpld"

CS: block property: block_name=/amplcpld/EXPANDED_FlattenFull/amplcpld/DOUT<11> prop_name=LOC prop_terse=XDM_PROPERTY_STRING "LOC" "P86"

CS: block property: block_name=/amplcpld/EXPANDED_FlattenFull/amplcpld prop_name=TYPE prop_terse=XDM_PROPERTY_STRING "TYPE" "amplcpld"

CS: block property: block_name=/amplcpld/EXPANDED_FlattenFull/amplcpld/DOUT<12> prop_name=LOC prop_terse=XDM_PROPERTY_STRING "LOC" "P85"

CS: block property: block_name=/amplcpld/EXPANDED_FlattenFull/amplcpld prop_name=TYPE prop_terse=XDM_PROPERTY_STRING "TYPE" "amplcpld"

CS: block property: block_name=/amplcpld/EXPANDED_FlattenFull/amplcpld/DOUT<1> prop_name=LOC prop_terse=XDM_PROPERTY_STRING "LOC" "P97"

CS: block property: block_name=/amplcpld/EXPANDED_FlattenFull/amplcpld prop_name=TYPE prop_terse=XDM_PROPERTY_STRING "TYPE" "amplcpld"

CS: block property: block_name=/amplcpld/EXPANDED_FlattenFull/amplcpld/DOUT<2> prop_name=LOC prop_terse=XDM_PROPERTY_STRING "LOC" "P96"

CS: block property: block_name=/amplcpld/EXPANDED_FlattenFull/amplcpld prop_name=TYPE prop_terse=XDM_PROPERTY_STRING "TYPE" "amplcpld"

CS: block property: block_name=/amplcpld/EXPANDED_FlattenFull/amplcpld/DOUT<3> prop_name=LOC prop_terse=XDM_PROPERTY_STRING "LOC" "P95"

CS: block property: block_name=/amplcpld/EXPANDED_FlattenFull/amplcpld prop_name=TYPE prop_terse=XDM_PROPERTY_STRING "TYPE" "amplcpld"

CS: block property: block_name=/amplcpld/EXPANDED_FlattenFull/amplcpld/DOUT<4> prop_name=LOC prop_terse=XDM_PROPERTY_STRING "LOC" "P94"

CS: block property: block_name=/amplcpld/EXPANDED_FlattenFull/amplcpld prop_name=TYPE prop_terse=XDM_PROPERTY_STRING "TYPE" "amplcpld"

CS: block property: block_name=/amplcpld/EXPANDED_FlattenFull/amplcpld/DOUT<5> prop_name=LOC prop_terse=XDM_PROPERTY_STRING "LOC" "P93"

CS: block property: block_name=/amplcpld/EXPANDED_FlattenFull/amplcpld prop_name=TYPE prop_terse=XDM_PROPERTY_STRING "TYPE" "amplcpld"

CS: block property: block_name=/amplcpld/EXPANDED_FlattenFull/amplcpld/DOUT<6> prop_name=LOC prop_terse=XDM_PROPERTY_STRING "LOC" "P92"

CS: block property: block_name=/amplcpld/EXPANDED_FlattenFull/amplcpld prop_name=TYPE prop_terse=XDM_PROPERTY_STRING "TYPE" "amplcpld"

CS: block property: block_name=/amplcpld/EXPANDED_FlattenFull/amplcpld/DOUT<7> prop_name=LOC prop_terse=XDM_PROPERTY_STRING "LOC" "P91"

CS: block property: block_name=/amplcpld/EXPANDED_FlattenFull/amplcpld prop_name=TYPE prop_terse=XDM_PROPERTY_STRING "TYPE" "amplcpld"

CS: block property: block_name=/amplcpld/EXPANDED_FlattenFull/amplcpld/DOUT<8> prop_name=LOC prop_terse=XDM_PROPERTY_STRING "LOC" "P90"

CS: block property: block_name=/amplcpld/EXPANDED_FlattenFull/amplcpld prop_name=TYPE prop_terse=XDM_PROPERTY_STRING "TYPE" "amplcpld"

CS: block property: block_name=/amplcpld/EXPANDED_FlattenFull/amplcpld/DOUT<9> prop_name=LOC prop_terse=XDM_PROPERTY_STRING "LOC" "P89"

CS: block property: block_name=/amplcpld/EXPANDED_FlattenFull/amplcpld prop_name=TYPE prop_terse=XDM_PROPERTY_STRING "TYPE" "amplcpld"

CS: block property: block_name=/amplcpld/EXPANDED_FlattenFull/amplcpld/DV prop_name=LOC prop_terse=XDM_PROPERTY_STRING "LOC" "P82"

CS: block property: block_name=/amplcpld/EXPANDED_FlattenFull/amplcpld prop_name=TYPE prop_terse=XDM_PROPERTY_STRING "TYPE" "amplcpld"

CS: block property: block_name=/amplcpld/EXPANDED_FlattenFull/amplcpld/ENA prop_name=LOC prop_terse=XDM_PROPERTY_STRING "LOC" "P64"

CS: block property: block_name=/amplcpld/EXPANDED_FlattenFull/amplcpld prop_name=TYPE prop_terse=XDM_PROPERTY_STRING "TYPE" "amplcpld"

CS: block property: block_name=/amplcpld/EXPANDED_FlattenFull/amplcpld/EV prop_name=LOC prop_terse=XDM_PROPERTY_STRING "LOC" "P60"

CS: block property: block_name=/amplcpld/EXPANDED_FlattenFull/amplcpld prop_name=TYPE prop_terse=XDM_PROPERTY_STRING "TYPE" "amplcpld"

CS: block property: block_name=/amplcpld/EXPANDED_FlattenFull/amplcpld/EV_out prop_name=LOC prop_terse=XDM_PROPERTY_STRING "LOC" "P16"

CS: block property: block_name=/amplcpld/EXPANDED_FlattenFull/amplcpld prop_name=TYPE prop_terse=XDM_PROPERTY_STRING "TYPE" "amplcpld"

CS: block property: block_name=/amplcpld/EXPANDED_FlattenFull/amplcpld/STR prop_name=LOC prop_terse=XDM_PROPERTY_STRING "LOC" "P63"

CS: block property: block_name=/amplcpld/EXPANDED_FlattenFull/amplcpld prop_name=TYPE prop_terse=XDM_PROPERTY_STRING "TYPE" "amplcpld"

CS: block property: block_name=/amplcpld/EXPANDED_FlattenFull/amplcpld prop_name=TYPE prop_terse=XDM_PROPERTY_STRING "TYPE" "amplcpld"

INFO:Cpld - Inferring BUFG constraint for signal 'ADC0<7>' based upon the LOC
   constraint 'P23'. It is recommended that you declare this BUFG explicitedly
   in your design. Note that for certain device families the output of a BUFG
   constraint can not drive a gated clock, and the BUFG constraint will be
   ignored.
INFO:Cpld - Inferring BUFG constraint for signal 'ADC0<9>' based upon the LOC
   constraint 'P22'. It is recommended that you declare this BUFG explicitedly
   in your design. Note that for certain device families the output of a BUFG
   constraint can not drive a gated clock, and the BUFG constraint will be
   ignored.
INFO:Cpld - Inferring BUFG constraint for signal 'CLK80' based upon the LOC
   constraint 'P27'. It is recommended that you declare this BUFG explicitedly
   in your design. Note that for certain device families the output of a BUFG
   constraint can not drive a gated clock, and the BUFG constraint will be
   ignored.
WARNING:Cpld:1239 - The global clock designation (BUFG) on signal 'A<9>' is
   ignored. Most likely the signal is gated and therefore cannot be used as a
   global control signal.
WARNING:Cpld:1239 - The global clock designation (BUFG) on signal 'A<7>' is
   ignored. Most likely the signal is gated and therefore cannot be used as a
   global control signal.
Considering device XC2C128-7-VQ100.
Re-checking device resources ...
...
Synthesizing and Optimizing...
..................................................................................................
...o
.......
Fitting...
...
...o

Design amplcpld has been optimized and fit into device XC2C128-7-VQ100.
