WARNING:Cpld - Unable to retrieve the path to the iSE Project Repository. Will
   use the default filename of 'amplcpld.ise'.
INFO:Cpld - Inferring BUFG constraint for signal 'ADC0<7>' based upon the LOC
   constraint 'P23'. It is recommended that you declare this BUFG explicitedly
   in your design. Note that for certain device families the output of a BUFG
   constraint can not drive a gated clock, and the BUFG constraint will be
   ignored.
INFO:Cpld - Inferring BUFG constraint for signal 'ADC0<9>' based upon the LOC
   constraint 'P22'. It is recommended that you declare this BUFG explicitedly
   in your design. Note that for certain device families the output of a BUFG
   constraint can not drive a gated clock, and the BUFG constraint will be
   ignored.
INFO:Cpld - Inferring BUFG constraint for signal 'CLK80' based upon the LOC
   constraint 'P27'. It is recommended that you declare this BUFG explicitedly
   in your design. Note that for certain device families the output of a BUFG
   constraint can not drive a gated clock, and the BUFG constraint will be
   ignored.
WARNING:Cpld:1239 - The global clock designation (BUFG) on signal 'ADC0_9_IBUF'
   is ignored. Most likely the signal is gated and therefore cannot be used as a
   global control signal.
WARNING:Cpld:1239 - The global clock designation (BUFG) on signal 'ADC0_7_IBUF'
   is ignored. Most likely the signal is gated and therefore cannot be used as a
   global control signal.
